    Finished `test` profile [unoptimized + debuginfo] target(s) in 0.08s
────────────
 Nextest run ID 15b6f5bb-3255-419c-8f52-bc5791880840 with nextest profile: ci
    Starting 0 tests across 9 binaries (1336 tests and 38 binaries skipped)
────────────
     Summary [   0.003s] 0 tests run: 0 passed, 1336 skipped
error: no tests to run
(hint: use `--no-tests` to customize)
    Finished `test` profile [unoptimized + debuginfo] target(s) in 0.07s
   Doc-tests viola_agent_claude
   Doc-tests viola_channel
   Doc-tests viola_core
   Doc-tests viola_e2e
   Doc-tests viola_pty
   Doc-tests viola_state

running 0 tests

test result: ok. 0 passed; 0 failed; 0 ignored; 0 measured; 0 filtered out; finished in 0.00s


running 0 tests

test result: ok. 0 passed; 0 failed; 0 ignored; 0 measured; 0 filtered out; finished in 0.00s


running 0 tests

test result: ok. 0 passed; 0 failed; 0 ignored; 0 measured; 0 filtered out; finished in 0.00s


running 0 tests

test result: ok. 0 passed; 0 failed; 0 ignored; 0 measured; 0 filtered out; finished in 0.00s


running 0 tests

test result: ok. 0 passed; 0 failed; 0 ignored; 0 measured; 0 filtered out; finished in 0.00s


running 0 tests

test result: ok. 0 passed; 0 failed; 0 ignored; 0 measured; 0 filtered out; finished in 0.00s

