Hit:1 http://archive.ubuntu.com/ubuntu resolute InRelease
Get:2 http://security.ubuntu.com/ubuntu resolute-security InRelease [137 kB]
Get:3 http://archive.ubuntu.com/ubuntu resolute-updates InRelease [137 kB]
Get:4 http://security.ubuntu.com/ubuntu resolute-security/main amd64 Packages [526 kB]
Get:5 http://archive.ubuntu.com/ubuntu resolute-backports InRelease [137 kB]
Get:6 http://archive.ubuntu.com/ubuntu resolute/universe amd64 Packages [16.0 MB]
Get:7 http://security.ubuntu.com/ubuntu resolute-security/main Translation-en [123 kB]
Get:8 http://security.ubuntu.com/ubuntu resolute-security/main amd64 Components [46.7 kB]
Get:9 http://security.ubuntu.com/ubuntu resolute-security/universe amd64 Packages [177 kB]
Get:10 http://security.ubuntu.com/ubuntu resolute-security/universe Translation-en [56.3 kB]
Get:11 http://security.ubuntu.com/ubuntu resolute-security/universe amd64 Components [43.4 kB]
Get:12 http://security.ubuntu.com/ubuntu resolute-security/universe amd64 c-n-f Metadata [3552 B]
Get:13 http://security.ubuntu.com/ubuntu resolute-security/restricted amd64 Packages [437 kB]
Get:14 http://security.ubuntu.com/ubuntu resolute-security/restricted Translation-en [86.2 kB]
Get:15 http://security.ubuntu.com/ubuntu resolute-security/multiverse amd64 Packages [10.8 kB]
Get:16 http://security.ubuntu.com/ubuntu resolute-security/multiverse Translation-en [2844 B]
Get:17 http://security.ubuntu.com/ubuntu resolute-security/multiverse amd64 Components [212 B]
Get:18 http://security.ubuntu.com/ubuntu resolute-security/multiverse amd64 c-n-f Metadata [120 B]
Get:19 http://archive.ubuntu.com/ubuntu resolute/universe Translation-en [6329 kB]
Get:20 http://archive.ubuntu.com/ubuntu resolute/universe amd64 Components [4556 kB]
Get:21 http://archive.ubuntu.com/ubuntu resolute/universe amd64 c-n-f Metadata [313 kB]
Get:22 http://archive.ubuntu.com/ubuntu resolute/multiverse amd64 Packages [290 kB]
Get:23 http://archive.ubuntu.com/ubuntu resolute/multiverse Translation-en [127 kB]
Get:24 http://archive.ubuntu.com/ubuntu resolute/multiverse amd64 Components [50.0 kB]
Get:25 http://archive.ubuntu.com/ubuntu resolute/multiverse amd64 c-n-f Metadata [8276 B]
Get:26 http://archive.ubuntu.com/ubuntu resolute-updates/main amd64 Packages [674 kB]
Get:27 http://archive.ubuntu.com/ubuntu resolute-updates/main Translation-en [159 kB]
Get:28 http://archive.ubuntu.com/ubuntu resolute-updates/main amd64 Components [97.8 kB]
Get:29 http://archive.ubuntu.com/ubuntu resolute-updates/universe amd64 Packages [302 kB]
Get:30 http://archive.ubuntu.com/ubuntu resolute-updates/universe Translation-en [96.7 kB]
Get:31 http://archive.ubuntu.com/ubuntu resolute-updates/universe amd64 Components [190 kB]
Get:32 http://archive.ubuntu.com/ubuntu resolute-updates/universe amd64 c-n-f Metadata [4704 B]
Get:33 http://archive.ubuntu.com/ubuntu resolute-updates/restricted amd64 Packages [457 kB]
Get:34 http://archive.ubuntu.com/ubuntu resolute-updates/restricted Translation-en [90.8 kB]
Get:35 http://archive.ubuntu.com/ubuntu resolute-updates/multiverse amd64 Packages [11.6 kB]
Get:36 http://archive.ubuntu.com/ubuntu resolute-updates/multiverse Translation-en [3172 B]
Get:37 http://archive.ubuntu.com/ubuntu resolute-updates/multiverse amd64 Components [216 B]
Get:38 http://archive.ubuntu.com/ubuntu resolute-updates/multiverse amd64 c-n-f Metadata [256 B]
Get:39 http://archive.ubuntu.com/ubuntu resolute-backports/main amd64 Components [212 B]
Get:40 http://archive.ubuntu.com/ubuntu resolute-backports/main amd64 c-n-f Metadata [112 B]
Get:41 http://archive.ubuntu.com/ubuntu resolute-backports/universe amd64 Packages [3132 B]
Get:42 http://archive.ubuntu.com/ubuntu resolute-backports/universe Translation-en [7988 B]
Get:43 http://archive.ubuntu.com/ubuntu resolute-backports/universe amd64 Components [1056 B]
Get:44 http://archive.ubuntu.com/ubuntu resolute-backports/universe amd64 c-n-f Metadata [116 B]
Get:45 http://archive.ubuntu.com/ubuntu resolute-backports/restricted amd64 Components [216 B]
Get:46 http://archive.ubuntu.com/ubuntu resolute-backports/restricted amd64 c-n-f Metadata [120 B]
Get:47 http://archive.ubuntu.com/ubuntu resolute-backports/multiverse amd64 Components [216 B]
Get:48 http://archive.ubuntu.com/ubuntu resolute-backports/multiverse amd64 c-n-f Metadata [120 B]
Fetched 31.7 MB in 4s (8629 kB/s)
Reading package lists...
