gate v1.2 · fab316fd
shell C:\Program Files\Git\usr\bin\bash.exe (from $SHELL; -c, non-login)
root D:\dev\projects\viola · marker 2026-09-26-local-linux-pre-push-gate · entries 20
logs C:\Users\turbo\AppData\Local\Temp\andromeda-gate\2026-09-26-local-linux-pre-push-gate\implement-2026-09-26T21-57-01 · bound: GNU timeout
delta docs 119 · python 3 · rust 7 · unmapped 27
prose L259-262: The gates run on this Windows host during /implement. The Rust delta is harness-only (`vio… (369 chars)
prose L264-267: The provisioning entries come before the gate that needs them. The `build-essential` insta… (351 chars)
prose L269-270: The `pre-push` entry is this chunk's mutation gate. It runs both legs and CI's union, so n… (213 chars)
prose L272-272: Steps 6 and 7 are one-shot source edits (guards, the Unix witness): evidence, never entrie… (92 chars)
  1 lint        not run — excluded · cargo fmt --all --check
  2 lint        not run — excluded · cargo clippy --workspace --all-targets --features fake-age… (75 chars)
  3 unit        not run — excluded · bash scripts/agent-run.sh run --unit
  4 unit        not run — excluded · bash scripts/agent-run.sh run --unit --filter 'test(/pre_p… (105 chars)
  5 unit        not run — excluded · bash scripts/agent-run.sh run --unit --filter 'test(/pump_… (112 chars)
  6 integration not run — excluded · AGENT_RUN_KEEP_HOMES=1 bash scripts/agent-run.sh run --int… (66 chars)
  7 build       not run — excluded · MSYS2_ARG_CONV_EXCL=* wsl.exe -d Ubuntu -u root --exec /us… (78 chars)
  8 build       not run — excluded · MSYS2_ARG_CONV_EXCL=* wsl.exe -d Ubuntu -u root --exec /us… (98 chars)
  9 probe       not run — excluded · MSYS2_ARG_CONV_EXCL=* wsl.exe -d Ubuntu --exec /usr/bin/cc… (68 chars)
 10 build       not run — excluded · MSYS2_ARG_CONV_EXCL=* wsl.exe -d Ubuntu --cd /mnt/d/dev/pr… (116 chars)
 11 probe       not run — excluded · MSYS2_ARG_CONV_EXCL=* wsl.exe -d Ubuntu --cd /mnt/d/dev/pr… (124 chars)
 12 probe       not run — excluded · CLAUDE_CODE_MESSAGING_TOKEN=canary-prepush-7f3a MSYS2_ARG_… (137 chars)
 13 integration green · exit 0 · 852.21s · 94231 B → 13.log · bash scripts/agent-run.sh pre-push
 14 probe       green · exit 1 · 0.05s · 2 B → 14.log · grep -c -E '/home/|/mnt/|"[A-Za-z]:' target/agent-run/arti… (98 chars)
 15 probe       not run — excluded · grep -c pre-push scripts/agent-run.ps1
 16 build       not run — excluded · RUSTUP_TOOLCHAIN=1.96 CARGO_TARGET_DIR=target/msrv cargo c… (116 chars)
 17 integration not run — excluded · bash scripts/agent-run.sh pre-push
 18 probe       not run — excluded · git diff --quiet && git diff --cached --quiet && git push … (82 chars)
 19 probe       not run — excluded · gh api repos/Turbolet85/viola/commits/$(git rev-parse HEAD… (129 chars)
 20 probe       not run — excluded · gh api repos/Turbolet85/viola/commits/$(git rev-parse HEAD… (160 chars)
entries 20 · green 2 · red 0 · recorded 0 · timeout 0 · not-run 18
