gate v1.2 · fab316fd
shell C:\Program Files\Git\bin\bash.exe (from $SHELL; -c, non-login)
root D:\dev\projects\viola · marker 2026-09-26-local-linux-pre-push-gate · entries 18
logs C:\Users\turbo\AppData\Local\Temp\andromeda-gate\2026-09-26-local-linux-pre-push-gate\implement-2026-09-26T21-57-01 · bound: GNU timeout
delta docs 52 · rust 4 · unmapped 3
prose L225-228: The gates run on this Windows host during /implement. The Rust delta is harness-only (`vio… (369 chars)
prose L230-233: The provisioning entries come before the gate that needs them. The `build-essential` insta… (351 chars)
prose L235-236: The `pre-push` entry is this chunk's mutation gate. It runs both legs and CI's union, so n… (213 chars)
prose L238-238: Steps 6 and 7 are one-shot source edits (guards, the Unix witness): evidence, never entrie… (92 chars)
  1 lint        not run — excluded · cargo fmt --all --check
  2 lint        not run — excluded · cargo clippy --workspace --all-targets --features fake-age… (75 chars)
  3 unit        not run — excluded · bash scripts/agent-run.sh run --unit
  4 unit        not run — excluded · bash scripts/agent-run.sh run --unit --filter 'test(/pre_p… (105 chars)
  5 integration not run — excluded · AGENT_RUN_KEEP_HOMES=1 bash scripts/agent-run.sh run --int… (66 chars)
  6 build       green · exit 0 · 17.45s · 17412 B → 6.log · MSYS2_ARG_CONV_EXCL=* wsl.exe -d Ubuntu -u root --exec /us… (98 chars)
  7 probe       green · exit 0 · 0.7s · 238 B → 7.log · MSYS2_ARG_CONV_EXCL=* wsl.exe -d Ubuntu --exec /usr/bin/cc… (68 chars)
  8 build       green · exit 0 · 147.0s · 34631 B → 8.log · MSYS2_ARG_CONV_EXCL=* wsl.exe -d Ubuntu --cd /mnt/d/dev/pr… (116 chars)
  9 probe       green · exit 0 · 0.47s · 50 B → 9.log · MSYS2_ARG_CONV_EXCL=* wsl.exe -d Ubuntu --cd /mnt/d/dev/pr… (124 chars)
 10 probe       not run — excluded · CLAUDE_CODE_MESSAGING_TOKEN=canary-prepush-7f3a MSYS2_ARG_… (137 chars)
 11 integration not run — excluded · bash scripts/agent-run.sh pre-push
 12 probe       not run — excluded · grep -c -E '/home/|/mnt/|"[A-Za-z]:' target/agent-run/arti… (98 chars)
 13 probe       not run — excluded · grep -c pre-push scripts/agent-run.ps1
 14 build       not run — excluded · RUSTUP_TOOLCHAIN=1.96 CARGO_TARGET_DIR=target/msrv cargo c… (116 chars)
 15 integration not run — excluded · bash scripts/agent-run.sh pre-push
 16 probe       not run — excluded · git diff --quiet && git diff --cached --quiet && git push … (82 chars)
 17 probe       not run — excluded · gh api repos/Turbolet85/viola/commits/$(git rev-parse HEAD… (129 chars)
 18 probe       not run — excluded · gh api repos/Turbolet85/viola/commits/$(git rev-parse HEAD… (160 chars)
entries 18 · green 4 · red 0 · recorded 0 · timeout 0 · not-run 14
