gate v1.2 · fab316fd
shell C:\Program Files\Git\bin\bash.exe (from $SHELL; -c, non-login)
root D:\dev\projects\viola · marker 2026-09-26-local-linux-pre-push-gate · entries 18
logs C:\Users\turbo\AppData\Local\Temp\andromeda-gate\2026-09-26-local-linux-pre-push-gate\implement-2026-09-26T21-57-01 · bound: GNU timeout
delta docs 48 · rust 4 · unmapped 3
prose L225-228: The gates run on this Windows host during /implement. The Rust delta is harness-only (`vio… (369 chars)
prose L230-233: The provisioning entries come before the gate that needs them. The `build-essential` insta… (351 chars)
prose L235-236: The `pre-push` entry is this chunk's mutation gate. It runs both legs and CI's union, so n… (213 chars)
prose L238-238: Steps 6 and 7 are one-shot source edits (guards, the Unix witness): evidence, never entrie… (92 chars)
  1 lint        green · exit 0 · 0.33s · 0 B → 1.log · cargo fmt --all --check
  2 lint        green · exit 0 · 1.46s · 143 B → 2.log · cargo clippy --workspace --all-targets --features fake-age… (75 chars)
  3 unit        green · exit 0 · 14.23s · 34203 B → 3.log · bash scripts/agent-run.sh run --unit
  4 unit        green · exit 0 · 2.47s · 3953 B → 4.log · bash scripts/agent-run.sh run --unit --filter 'test(/pre_p… (105 chars)
  5 integration green · exit 0 · 23.49s · 13687 B → 5.log · AGENT_RUN_KEEP_HOMES=1 bash scripts/agent-run.sh run --int… (66 chars)
  6 build       red · exit 0 ✗ (exit 100) · exit 100 · 11.75s · 6986 B → 6.log · MSYS2_ARG_CONV_EXCL=* wsl.exe -d Ubuntu -u root --exec /us… (98 chars)
  7 probe       red · exit 0 ✗ (exit 1) · exit 1 · 0.37s · 108 B → 7.log · MSYS2_ARG_CONV_EXCL=* wsl.exe -d Ubuntu --exec /usr/bin/cc… (68 chars)
  8 build       red · exit 0 ✗ (exit 1) · exit 1 · 0.14s · 103 B → 8.log · MSYS2_ARG_CONV_EXCL=* wsl.exe -d Ubuntu --cd /mnt/d/dev/pr… (116 chars)
  9 probe       red · exit 0 ✗ (exit 1) · exit 1 · 0.14s · 35 B → 9.log · MSYS2_ARG_CONV_EXCL=* wsl.exe -d Ubuntu --cd /mnt/d/dev/pr… (124 chars)
 10 probe       green · exit 1 · 0.21s · 2 B → 10.log · CLAUDE_CODE_MESSAGING_TOKEN=canary-prepush-7f3a MSYS2_ARG_… (137 chars)
 11 integration red · exit 0 ✗ (exit 1) · exit 1 · 0.61s · 187 B → 11.log · bash scripts/agent-run.sh pre-push
 12 probe       red · exit 1 ✗ (exit 2) · exit 2 · 0.06s · 95 B → 12.log · grep -c -E '/home/|/mnt/|"[A-Za-z]:' target/agent-run/arti… (98 chars)
 13 probe       green · exit 0 · 0.06s · 2 B → 13.log · grep -c pre-push scripts/agent-run.ps1
 14 build       green · exit 0 · 1.16s · 143 B → 14.log · RUSTUP_TOOLCHAIN=1.96 CARGO_TARGET_DIR=target/msrv cargo c… (116 chars)
 15 integration not run — leg operator (the letter drives it) · bash scripts/agent-run.sh pre-push
 16 probe       not run — leg operator (the letter drives it) · git diff --quiet && git diff --cached --quiet && git push … (82 chars)
 17 probe       not run — leg operator (the letter drives it) · gh api repos/Turbolet85/viola/commits/$(git rev-parse HEAD… (129 chars)
 18 probe       not run — leg operator (the letter drives it) · gh api repos/Turbolet85/viola/commits/$(git rev-parse HEAD… (160 chars)
entries 18 · green 8 · red 6 (6,7,8,9,11,12) · recorded 0 · timeout 0 · not-run 4
