gate v1.2 · fab316fd
6 build red · exit 0 ✗ (exit 100)
run (1659cb24): MSYS2_ARG_CONV_EXCL=* wsl.exe -d Ubuntu -u root --exec /usr/bin/apt-get install -y build-essential
  exit 0 ✗ (exit 100)
log C:\Users\turbo\AppData\Local\Temp\andromeda-gate\2026-09-26-local-linux-pre-push-gate\implement-2026-09-26T21-57-01\6.log · 6986 B · ed9cbdee
--- no anchored failure; last 20 non-empty lines ---
Get:26 http://archive.ubuntu.com/ubuntu resolute/main amd64 libstdc++-15-dev amd64 15.2.0-16ubuntu1 [2920 kB]
Get:27 http://archive.ubuntu.com/ubuntu resolute/main amd64 g++-15-x86-64-linux-gnu amd64 15.2.0-16ubuntu1 [14.4 MB]
Get:28 http://archive.ubuntu.com/ubuntu resolute/main amd64 g++-15 amd64 15.2.0-16ubuntu1 [26.7 kB]
Get:29 http://archive.ubuntu.com/ubuntu resolute/main amd64 g++-x86-64-linux-gnu amd64 4:15.2.0-5ubuntu1 [968 B]
Get:30 http://archive.ubuntu.com/ubuntu resolute/main amd64 g++ amd64 4:15.2.0-5ubuntu1 [1100 B]
Get:31 http://archive.ubuntu.com/ubuntu resolute/main amd64 make amd64 4.4.1-3 [197 kB]
Get:32 http://archive.ubuntu.com/ubuntu resolute/main amd64 libdpkg-perl all 1.23.7ubuntu1 [289 kB]
Get:33 http://archive.ubuntu.com/ubuntu resolute/main amd64 bzip2 amd64 1.0.8-6build2 [34.3 kB]
Get:34 http://archive.ubuntu.com/ubuntu resolute/main amd64 lto-disabled-list all 79 [14.2 kB]
Get:35 http://archive.ubuntu.com/ubuntu resolute/main amd64 dpkg-dev all 1.23.7ubuntu1 [1062 kB]
Get:36 http://archive.ubuntu.com/ubuntu resolute/main amd64 libcrypt-dev amd64 1:4.5.1-1 [122 kB]
Get:37 http://archive.ubuntu.com/ubuntu resolute-updates/main amd64 build-essential amd64 12.12ubuntu2.26.04.2 [5158 B]
Get:38 http://archive.ubuntu.com/ubuntu resolute/main amd64 libfakeroot amd64 1.37.2-1 [34.0 kB]
Get:39 http://archive.ubuntu.com/ubuntu resolute/main amd64 fakeroot amd64 1.37.2-1 [68.3 kB]
Get:40 http://archive.ubuntu.com/ubuntu resolute/main amd64 libalgorithm-diff-perl all 1.201-1 [41.8 kB]
Get:41 http://archive.ubuntu.com/ubuntu resolute/main amd64 libalgorithm-diff-xs-perl amd64 0.04-9 [11.5 kB]
Get:42 http://archive.ubuntu.com/ubuntu resolute/main amd64 libalgorithm-merge-perl all 0.08-5 [11.4 kB]
Get:43 http://archive.ubuntu.com/ubuntu resolute/main amd64 libfile-fcntllock-perl amd64 0.22-4ubuntu6 [32.8 kB]
Get:44 http://archive.ubuntu.com/ubuntu resolute/main amd64 manpages-dev all 6.17-1 [2183 kB]
Fetched 74.9 MB in 8s (9327 kB/s)
