   Compiling viola-pty v0.1.0 (D:\dev\projects\viola\crates\viola-pty)
   Compiling viola-e2e v0.1.0 (D:\dev\projects\viola\crates\viola-e2e)
   Compiling viola v0.1.0 (D:\dev\projects\viola)
    Finished `test` profile [unoptimized + debuginfo] target(s) in 3.77s
────────────
 Nextest run ID 862c4a2b-afc4-42dd-8e1a-82415ffbea26 with nextest profile: ci
    Starting 1 test across 7 binaries (291 tests and 15 binaries skipped)
        PASS [   0.793s] (1/1) viola-pty tests::pump_forwards_a_resize_that_lands_before_its_first_look
────────────
     Summary [   0.794s] 1 test run: 1 passed, 291 skipped
    Finished `test` profile [unoptimized + debuginfo] target(s) in 0.11s
   Doc-tests viola_agent_claude
   Doc-tests viola_core
   Doc-tests viola_e2e
   Doc-tests viola_pty

running 0 tests

test result: ok. 0 passed; 0 failed; 0 ignored; 0 measured; 0 filtered out; finished in 0.00s


running 0 tests

test result: ok. 0 passed; 0 failed; 0 ignored; 0 measured; 0 filtered out; finished in 0.00s


running 0 tests

test result: ok. 0 passed; 0 failed; 0 ignored; 0 measured; 0 filtered out; finished in 0.00s


running 0 tests

test result: ok. 0 passed; 0 failed; 0 ignored; 0 measured; 0 filtered out; finished in 0.00s

{"v":1,"cmd":"run","ok":true,"suites":[{"suite":"nextest-unit","passed":1,"failed":0,"skipped":0,"survived":0,"artifact":"D:\\dev\\projects\\viola\\target\\agent-run\\artifacts\\junit-nextest-unit.xml","failures":[]},{"suite":"doctest","passed":0,"failed":0,"skipped":0,"survived":0,"artifact":null,"failures":[]}]}
