Reading package lists...
Building dependency tree...
Reading state information...
Solving dependencies...
The following additional packages will be installed:
  bzip2 cpp cpp-15 cpp-15-x86-64-linux-gnu cpp-x86-64-linux-gnu dpkg-dev
  fakeroot g++ g++-15 g++-15-x86-64-linux-gnu g++-x86-64-linux-gnu gcc gcc-15
  gcc-15-base gcc-15-x86-64-linux-gnu gcc-x86-64-linux-gnu
  libalgorithm-diff-perl libalgorithm-diff-xs-perl libalgorithm-merge-perl
  libasan8 libc-dev-bin libc6-dev libcc1-0 libcrypt-dev libdpkg-perl
  libfakeroot libfile-fcntllock-perl libgcc-15-dev libgomp1 libhwasan0
  libisl23 libitm1 liblsan0 libmpc3 libquadmath0 libstdc++-15-dev libtsan2
  libubsan1 linux-libc-dev lto-disabled-list make manpages-dev rpcsvc-proto
Suggested packages:
  bzip2-doc cpp-doc gcc-15-locales cpp-15-doc debian-keyring
  debian-tag2upload-keyring g++-multilib g++-15-multilib gcc-15-doc
  gcc-multilib autoconf automake libtool flex bison gdb gcc-doc
  gcc-15-multilib gdb-x86-64-linux-gnu libc-devtools glibc-doc bzr
  libstdc++-15-doc make-doc
The following NEW packages will be installed:
  build-essential bzip2 cpp cpp-15 cpp-15-x86-64-linux-gnu
  cpp-x86-64-linux-gnu dpkg-dev fakeroot g++ g++-15 g++-15-x86-64-linux-gnu
  g++-x86-64-linux-gnu gcc gcc-15 gcc-15-base gcc-15-x86-64-linux-gnu
  gcc-x86-64-linux-gnu libalgorithm-diff-perl libalgorithm-diff-xs-perl
  libalgorithm-merge-perl libasan8 libc-dev-bin libc6-dev libcc1-0
  libcrypt-dev libdpkg-perl libfakeroot libfile-fcntllock-perl libgcc-15-dev
  libgomp1 libhwasan0 libisl23 libitm1 liblsan0 libmpc3 libquadmath0
  libstdc++-15-dev libtsan2 libubsan1 linux-libc-dev lto-disabled-list make
  manpages-dev rpcsvc-proto
0 upgraded, 44 newly installed, 0 to remove and 0 not upgraded.
Inst libc-dev-bin (2.43-2ubuntu2.3 Ubuntu:26.04/resolute-updates, Ubuntu:26.04/resolute-security [amd64])
Inst linux-libc-dev (7.0.0-30.30 Ubuntu:26.04/resolute-updates, Ubuntu:26.04/resolute-security [amd64])
Inst rpcsvc-proto (1.4.3-1build1 Ubuntu:26.04/resolute [amd64])
Inst libc6-dev (2.43-2ubuntu2.3 Ubuntu:26.04/resolute-updates, Ubuntu:26.04/resolute-security [amd64])
Inst gcc-15-base (15.2.0-16ubuntu1 Ubuntu:26.04/resolute [amd64])
Inst libisl23 (0.27-1build1 Ubuntu:26.04/resolute [amd64])
Inst libmpc3 (1.3.1-3 Ubuntu:26.04/resolute [amd64])
Inst cpp-15-x86-64-linux-gnu (15.2.0-16ubuntu1 Ubuntu:26.04/resolute [amd64])
Inst cpp-15 (15.2.0-16ubuntu1 Ubuntu:26.04/resolute [amd64])
Inst cpp-x86-64-linux-gnu (4:15.2.0-5ubuntu1 Ubuntu:26.04/resolute [amd64])
Inst cpp (4:15.2.0-5ubuntu1 Ubuntu:26.04/resolute [amd64])
Inst libcc1-0 (16-20260322-1ubuntu1 Ubuntu:26.04/resolute [amd64])
Inst libgomp1 (16-20260322-1ubuntu1 Ubuntu:26.04/resolute [amd64])
Inst libitm1 (16-20260322-1ubuntu1 Ubuntu:26.04/resolute [amd64])
Inst libasan8 (16-20260322-1ubuntu1 Ubuntu:26.04/resolute [amd64])
Inst liblsan0 (16-20260322-1ubuntu1 Ubuntu:26.04/resolute [amd64])
Inst libtsan2 (16-20260322-1ubuntu1 Ubuntu:26.04/resolute [amd64])
Inst libubsan1 (16-20260322-1ubuntu1 Ubuntu:26.04/resolute [amd64])
Inst libhwasan0 (16-20260322-1ubuntu1 Ubuntu:26.04/resolute [amd64])
Inst libquadmath0 (16-20260322-1ubuntu1 Ubuntu:26.04/resolute [amd64])
Inst libgcc-15-dev (15.2.0-16ubuntu1 Ubuntu:26.04/resolute [amd64])
Inst gcc-15-x86-64-linux-gnu (15.2.0-16ubuntu1 Ubuntu:26.04/resolute [amd64])
Inst gcc-15 (15.2.0-16ubuntu1 Ubuntu:26.04/resolute [amd64])
Inst gcc-x86-64-linux-gnu (4:15.2.0-5ubuntu1 Ubuntu:26.04/resolute [amd64])
Inst gcc (4:15.2.0-5ubuntu1 Ubuntu:26.04/resolute [amd64])
Inst libstdc++-15-dev (15.2.0-16ubuntu1 Ubuntu:26.04/resolute [amd64])
Inst g++-15-x86-64-linux-gnu (15.2.0-16ubuntu1 Ubuntu:26.04/resolute [amd64])
Inst g++-15 (15.2.0-16ubuntu1 Ubuntu:26.04/resolute [amd64])
Inst g++-x86-64-linux-gnu (4:15.2.0-5ubuntu1 Ubuntu:26.04/resolute [amd64])
Inst g++ (4:15.2.0-5ubuntu1 Ubuntu:26.04/resolute [amd64])
Inst make (4.4.1-3 Ubuntu:26.04/resolute [amd64])
Inst libdpkg-perl (1.23.7ubuntu1 Ubuntu:26.04/resolute [all])
Inst bzip2 (1.0.8-6build2 Ubuntu:26.04/resolute [amd64])
Inst lto-disabled-list (79 Ubuntu:26.04/resolute [all])
Inst dpkg-dev (1.23.7ubuntu1 Ubuntu:26.04/resolute [all])
Inst libcrypt-dev (1:4.5.1-1 Ubuntu:26.04/resolute [amd64])
Inst build-essential (12.12ubuntu2.26.04.2 Ubuntu:26.04/resolute-updates, Ubuntu:26.04/resolute-security [amd64])
Inst libfakeroot (1.37.2-1 Ubuntu:26.04/resolute [amd64])
Inst fakeroot (1.37.2-1 Ubuntu:26.04/resolute [amd64])
Inst libalgorithm-diff-perl (1.201-1 Ubuntu:26.04/resolute [all])
Inst libalgorithm-diff-xs-perl (0.04-9 Ubuntu:26.04/resolute [amd64])
Inst libalgorithm-merge-perl (0.08-5 Ubuntu:26.04/resolute [all])
Inst libfile-fcntllock-perl (0.22-4ubuntu6 Ubuntu:26.04/resolute [amd64])
Inst manpages-dev (6.17-1 Ubuntu:26.04/resolute [all])
Conf libc-dev-bin (2.43-2ubuntu2.3 Ubuntu:26.04/resolute-updates, Ubuntu:26.04/resolute-security [amd64])
Conf linux-libc-dev (7.0.0-30.30 Ubuntu:26.04/resolute-updates, Ubuntu:26.04/resolute-security [amd64])
Conf rpcsvc-proto (1.4.3-1build1 Ubuntu:26.04/resolute [amd64])
Conf libc6-dev (2.43-2ubuntu2.3 Ubuntu:26.04/resolute-updates, Ubuntu:26.04/resolute-security [amd64])
Conf gcc-15-base (15.2.0-16ubuntu1 Ubuntu:26.04/resolute [amd64])
Conf libisl23 (0.27-1build1 Ubuntu:26.04/resolute [amd64])
Conf libmpc3 (1.3.1-3 Ubuntu:26.04/resolute [amd64])
Conf cpp-15-x86-64-linux-gnu (15.2.0-16ubuntu1 Ubuntu:26.04/resolute [amd64])
Conf cpp-15 (15.2.0-16ubuntu1 Ubuntu:26.04/resolute [amd64])
Conf cpp-x86-64-linux-gnu (4:15.2.0-5ubuntu1 Ubuntu:26.04/resolute [amd64])
Conf cpp (4:15.2.0-5ubuntu1 Ubuntu:26.04/resolute [amd64])
Conf libcc1-0 (16-20260322-1ubuntu1 Ubuntu:26.04/resolute [amd64])
Conf libgomp1 (16-20260322-1ubuntu1 Ubuntu:26.04/resolute [amd64])
Conf libitm1 (16-20260322-1ubuntu1 Ubuntu:26.04/resolute [amd64])
Conf libasan8 (16-20260322-1ubuntu1 Ubuntu:26.04/resolute [amd64])
Conf liblsan0 (16-20260322-1ubuntu1 Ubuntu:26.04/resolute [amd64])
Conf libtsan2 (16-20260322-1ubuntu1 Ubuntu:26.04/resolute [amd64])
Conf libubsan1 (16-20260322-1ubuntu1 Ubuntu:26.04/resolute [amd64])
Conf libhwasan0 (16-20260322-1ubuntu1 Ubuntu:26.04/resolute [amd64])
Conf libquadmath0 (16-20260322-1ubuntu1 Ubuntu:26.04/resolute [amd64])
Conf libgcc-15-dev (15.2.0-16ubuntu1 Ubuntu:26.04/resolute [amd64])
Conf gcc-15-x86-64-linux-gnu (15.2.0-16ubuntu1 Ubuntu:26.04/resolute [amd64])
Conf gcc-15 (15.2.0-16ubuntu1 Ubuntu:26.04/resolute [amd64])
Conf gcc-x86-64-linux-gnu (4:15.2.0-5ubuntu1 Ubuntu:26.04/resolute [amd64])
Conf gcc (4:15.2.0-5ubuntu1 Ubuntu:26.04/resolute [amd64])
Conf libstdc++-15-dev (15.2.0-16ubuntu1 Ubuntu:26.04/resolute [amd64])
Conf g++-15-x86-64-linux-gnu (15.2.0-16ubuntu1 Ubuntu:26.04/resolute [amd64])
Conf g++-15 (15.2.0-16ubuntu1 Ubuntu:26.04/resolute [amd64])
Conf g++-x86-64-linux-gnu (4:15.2.0-5ubuntu1 Ubuntu:26.04/resolute [amd64])
Conf g++ (4:15.2.0-5ubuntu1 Ubuntu:26.04/resolute [amd64])
Conf make (4.4.1-3 Ubuntu:26.04/resolute [amd64])
Conf libdpkg-perl (1.23.7ubuntu1 Ubuntu:26.04/resolute [all])
Conf bzip2 (1.0.8-6build2 Ubuntu:26.04/resolute [amd64])
Conf lto-disabled-list (79 Ubuntu:26.04/resolute [all])
Conf dpkg-dev (1.23.7ubuntu1 Ubuntu:26.04/resolute [all])
Conf libcrypt-dev (1:4.5.1-1 Ubuntu:26.04/resolute [amd64])
Conf build-essential (12.12ubuntu2.26.04.2 Ubuntu:26.04/resolute-updates, Ubuntu:26.04/resolute-security [amd64])
Conf libfakeroot (1.37.2-1 Ubuntu:26.04/resolute [amd64])
Conf fakeroot (1.37.2-1 Ubuntu:26.04/resolute [amd64])
Conf libalgorithm-diff-perl (1.201-1 Ubuntu:26.04/resolute [all])
Conf libalgorithm-diff-xs-perl (0.04-9 Ubuntu:26.04/resolute [amd64])
Conf libalgorithm-merge-perl (0.08-5 Ubuntu:26.04/resolute [all])
Conf libfile-fcntllock-perl (0.22-4ubuntu6 Ubuntu:26.04/resolute [amd64])
Conf manpages-dev (6.17-1 Ubuntu:26.04/resolute [all])
