    Updating crates.io index
 Downloading crates ...
  Downloaded cargo-deny v0.20.2
    Updating crates.io index
 Downloading crates ...
  Downloaded zizmor v1.30.1
  Installing cargo-deny v0.20.2
warning: default toolchain implicitly overridden with `1.98.1-x86_64-pc-windows-msvc` by rustup toolchain file
  |
  = help: use `cargo +stable install` if you meant to use the stable toolchain
  = note: rustup selects the toolchain based on the parent environment and not the environment of the package being installed
    Updating crates.io index
    Updating crates.io index
 Downloading crates ...
  Downloaded anyhow v1.0.103
  Downloaded crossbeam-queue v0.3.12
  Downloaded codespan v0.13.1
  Downloaded cfg-expr v0.20.7
  Downloaded codespan-reporting v0.13.1
  Downloaded fern v0.7.1
  Downloaded scroll_derive v0.13.1
  Downloaded krates v0.21.2
  Downloaded scroll v0.13.0
  Downloaded goblin v0.10.5
  Downloaded target-lexicon v0.13.3
  Downloaded jiff v0.2.24
  Downloaded petgraph v0.8.1
  Downloaded spdx v0.13.4
   Compiling proc-macro2 v1.0.106
   Compiling unicode-ident v1.0.24
   Compiling quote v1.0.45
   Compiling windows-link v0.2.1
   Compiling getrandom v0.3.4
   Compiling cfg-if v1.0.4
   Compiling stable_deref_trait v1.2.1
   Compiling serde_core v1.0.228
   Compiling find-msvc-tools v0.1.9
   Compiling shlex v1.3.0
   Compiling smallvec v1.15.1
   Compiling crossbeam-utils v0.8.21
   Compiling memchr v2.8.0
   Compiling version_check v0.9.5
   Compiling serde v1.0.228
   Compiling writeable v0.6.3
   Compiling litemap v0.8.2
   Compiling crossbeam-epoch v0.9.20
   Compiling pkg-config v0.3.33
   Compiling typenum v1.20.0
   Compiling icu_properties_data v2.2.0
   Compiling icu_normalizer_data v2.2.0
   Compiling utf8_iter v1.0.4
   Compiling zmij v1.0.21
   Compiling target-lexicon v0.13.3
   Compiling serde_json v1.0.150
   Compiling regex-syntax v0.8.10
   Compiling rayon-core v1.13.0
   Compiling zstd-safe v7.2.4
   Compiling equivalent v1.0.2
   Compiling utf8parse v0.2.2
   Compiling windows-sys v0.61.2
   Compiling once_cell_polyfill v1.70.2
   Compiling camino v1.2.2
   Compiling unicode-width v0.2.2
   Compiling anstyle v1.0.14
   Compiling itoa v1.0.18
   Compiling anstyle-parse v1.0.0
   Compiling tinyvec_macros v0.1.1
   Compiling allocator-api2 v0.2.21
   Compiling radium v0.7.0
   Compiling log v0.4.29
   Compiling is_terminal_polyfill v1.70.2
   Compiling foldhash v0.1.5
   Compiling colorchoice v1.0.5
   Compiling generic-array v0.14.7
   Compiling hashbrown v0.17.1
   Compiling thiserror v2.0.18
   Compiling parking_lot_core v0.9.12
   Compiling tinyvec v1.11.0
   Compiling clap_lex v1.1.0
   Compiling strsim v0.11.1
   Compiling fixedbitset v0.5.7
   Compiling tap v1.0.1
   Compiling percent-encoding v2.3.2
   Compiling bytes v1.11.1
   Compiling aho-corasick v1.1.4
   Compiling hashbrown v0.15.5
   Compiling heck v0.5.0
   Compiling scopeguard v1.2.0
   Compiling anyhow v1.0.103
   Compiling either v1.16.0
   Compiling cpufeatures v0.2.17
   Compiling unicode-normalization v0.1.25
   Compiling bstr v1.12.1
   Compiling indexmap v2.14.0
   Compiling getrandom v0.2.17
   Compiling twox-hash v2.1.2
   Compiling wyz v0.5.1
   Compiling funty v2.0.0
   Compiling untrusted v0.9.0
   Compiling form_urlencoded v1.2.2
   Compiling rustc-stable-hash v0.1.2
   Compiling winapi-util v0.1.11
   Compiling anstyle-wincon v3.0.11
   Compiling anstyle-query v1.1.5
   Compiling lock_api v0.4.14
   Compiling plain v0.2.3
   Compiling nu-ansi-term v0.50.3
   Compiling jobserver v0.1.34
   Compiling fern v0.7.1
   Compiling memmap2 v0.9.11
   Compiling jiff v0.2.24
   Compiling anstream v1.0.0
   Compiling termcolor v1.4.1
   Compiling same-file v1.0.6
   Compiling http v1.4.0
   Compiling parking_lot v0.12.5
   Compiling cfg-expr v0.20.7
   Compiling walkdir v2.5.0
   Compiling cc v1.2.62
   Compiling crossbeam-queue v0.3.12
   Compiling crossbeam-channel v0.5.15
   Compiling clap_builder v4.6.0
   Compiling bitvec v1.0.1
   Compiling syn v2.0.117
   Compiling crossbeam-deque v0.8.6
   Compiling block-buffer v0.10.4
   Compiling crypto-common v0.1.7
   Compiling digest v0.10.7
   Compiling regex-automata v0.4.14
   Compiling petgraph v0.8.1
   Compiling crossbeam v0.8.4
   Compiling sha2 v0.10.9
   Compiling rayon v1.12.0
   Compiling zstd-sys v2.0.16+zstd.1.5.7
   Compiling ring v0.17.14
   Compiling semver v1.0.28
   Compiling synstructure v0.13.2
   Compiling clap v4.6.1
   Compiling zerovec-derive v0.11.3
   Compiling displaydoc v0.2.5
   Compiling serde_derive v1.0.228
   Compiling thiserror-impl v2.0.18
   Compiling scroll_derive v0.13.1
   Compiling zerofrom-derive v0.1.7
   Compiling yoke-derive v0.8.2
   Compiling strum_macros v0.28.0
   Compiling regex v1.12.3
   Compiling globset v0.4.18
   Compiling zerofrom v0.1.8
   Compiling scroll v0.13.0
   Compiling yoke v0.8.2
   Compiling goblin v0.10.5
   Compiling zerovec v0.11.6
   Compiling zerotrie v0.2.4
   Compiling strum v0.28.0
   Compiling tinystr v0.8.3
   Compiling potential_utf v0.1.5
   Compiling icu_collections v2.2.0
   Compiling zstd v0.13.3
   Compiling icu_locale_core v2.2.0
   Compiling spdx v0.13.4
   Compiling icu_provider v2.2.0
   Compiling codespan-reporting v0.13.1
   Compiling smol_str v0.3.2
   Compiling krates v0.21.2
   Compiling icu_normalizer v2.2.0
   Compiling icu_properties v2.2.0
   Compiling toml-span v0.7.1
   Compiling codespan v0.13.1
   Compiling tame-index v0.26.3
   Compiling idna_adapter v1.2.2
   Compiling idna v1.1.0
   Compiling url v2.5.8
   Compiling cargo-deny v0.20.2
    Finished `release` profile [optimized] target(s) in 1m 38s
   Replacing D:\dev\rust\cargo\bin\cargo-deny.exe
    Replaced package `cargo-deny v0.19.4` with `cargo-deny v0.20.2` (executable `cargo-deny.exe`)
  Installing zizmor v1.30.1
warning: default toolchain implicitly overridden with `1.98.1-x86_64-pc-windows-msvc` by rustup toolchain file
  |
  = help: use `cargo +stable install` if you meant to use the stable toolchain
  = note: rustup selects the toolchain based on the parent environment and not the environment of the package being installed
    Updating crates.io index
warning: package `chacha20 v0.10.1` in Cargo.lock is yanked in registry `crates-io`
  |
  = help: consider running without --locked
    Updating crates.io index
 Downloading crates ...
  Downloaded annotate-snippets v0.12.16
  Downloaded anstyle-query v1.1.4
  Downloaded anstyle-wincon v3.0.10
  Downloaded anstyle v1.0.13
  Downloaded async-trait v0.1.92
  Downloaded aws-lc-rs v1.17.0
  Downloaded clap_lex v1.0.0
  Downloaded clap-verbosity-flag v3.0.4
  Downloaded chacha20 v0.10.1
  Downloaded colorchoice v1.0.4
  Downloaded bitflags v2.10.0
  Downloaded cacache v13.1.0
  Downloaded cmake v0.1.54
  Downloaded data-encoding v2.9.0
  Downloaded etcetera v0.11.0
  Downloaded clap_complete_nushell v4.6.1
  Downloaded futures-io v0.3.34
  Downloaded futures-macro v0.3.34
  Downloaded http-serde v2.1.1
  Downloaded deranged v0.5.4
  Downloaded find-msvc-tools v0.1.5
  Downloaded event-listener v5.4.2
  Downloaded futures-executor v0.3.34
  Downloaded filetime v0.2.26
  Downloaded futures-sink v0.3.34
  Downloaded miette-derive v5.10.0
  Downloaded nohash-hasher v0.2.0
  Downloaded jsonschema-regex v0.51.0
  Downloaded num-conv v0.2.0
  Downloaded cc v1.2.49
  Downloaded futures-channel v0.3.34
  Downloaded getrandom v0.2.16
  Downloaded line-index v0.1.2
  Downloaded itoa v1.0.15
  Downloaded potential_utf v0.1.3
  Downloaded sha-1 v0.10.1
  Downloaded rand_pcg v0.10.2
  Downloaded tagptr v0.2.0
  Downloaded text-size v1.1.1
  Downloaded tokio-macros v2.7.2
  Downloaded hyper-rustls v0.27.7
  Downloaded memmap2 v0.5.10
  Downloaded ipnet v2.11.0
  Downloaded rand_core v0.10.1
  Downloaded zerofrom-derive v0.1.6
  Downloaded tree-sitter-language v0.1.5
  Downloaded slab v0.4.11
  Downloaded reqwest-middleware v0.5.2
  Downloaded self_cell v1.3.0
  Downloaded http-cache-semantics v3.0.0
  Downloaded ssri v9.2.0
  Downloaded windows-registry v0.5.3
  Downloaded yoke-derive v0.8.0
  Downloaded futures v0.3.34
  Downloaded tracing-indicatif v0.3.14
  Downloaded icu_normalizer v2.0.0
  Downloaded once_cell v1.21.3
  Downloaded human-panic v2.0.8
  Downloaded reflink-copy v0.1.30
  Downloaded icu_provider v2.0.0
  Downloaded zerofrom v0.1.6
  Downloaded vt100 v0.16.2
  Downloaded yoke v0.8.0
  Downloaded unit-prefix v0.5.1
  Downloaded writeable v0.6.1
  Downloaded http-cache-reqwest v1.0.0-alpha.8
  Downloaded rustc-demangle v0.1.26
  Downloaded ryu v1.0.20
  Downloaded tempfile v3.23.0
  Downloaded tinystr v0.8.1
  Downloaded jsonschema-value v0.51.0
  Downloaded litemap v0.8.0
  Downloaded log v0.4.28
  Downloaded zerovec-derive v0.11.1
  Downloaded rustls-pki-types v1.12.0
  Downloaded icu_properties v2.0.1
  Downloaded rustls-platform-verifier v0.6.1
  Downloaded xxhash-rust v0.8.18
  Downloaded tinyvec v1.10.0
  Downloaded icu_locale_core v2.0.0
  Downloaded icu_normalizer_data v2.0.0
  Downloaded http v1.5.0
  Downloaded icu_collections v2.0.0
  Downloaded toml v1.1.1+spec-1.1.0
  Downloaded uuid v1.23.0
  Downloaded vte v0.15.0
  Downloaded referencing v0.51.0
  Downloaded tree-sitter v0.26.13
  Downloaded zmij v1.0.2
  Downloaded http-cache v1.0.0-alpha.7
  Downloaded unicode-ident v1.0.20
  Downloaded fraction v0.16.0
  Downloaded miette v5.10.0
  Downloaded tokio-stream v0.1.19
  Downloaded tower-lsp-server v0.23.0
  Downloaded libyaml-rs v0.3.0
  Downloaded zerotrie v0.2.2
  Downloaded hyper-util v0.1.17
  Downloaded yaml_serde v0.10.7
  Downloaded rand v0.10.2
  Downloaded bitflip v0.1.0
  Downloaded ntapi v0.4.2
  Downloaded tree-sitter-yaml v0.7.2
  Downloaded tokio-util v0.7.16
  Downloaded icu_properties_data v2.0.1
  Downloaded hyper v1.7.0
  Downloaded h2 v0.4.13
  Downloaded iri-string v0.7.8
  Downloaded zerovec v0.11.4
  Downloaded fancy-regex v0.19.0
  Downloaded itertools v0.15.0
  Downloaded github-actions-expressions v1.30.1
  Downloaded subfeature v1.30.1
  Downloaded pre-commit-models v1.30.1
  Downloaded terminal-link v0.1.0
  Downloaded github-actions-models v1.30.1
  Downloaded tree-sitter-iter v1.30.1
  Downloaded ls-types v0.0.2
  Downloaded moka v0.12.15
  Downloaded typomania v0.2.0
  Downloaded bstr v1.12.0
  Downloaded sysinfo v0.38.4
  Downloaded tree-sitter-powershell v0.26.4
  Downloaded zerocopy v0.8.27
  Downloaded quinn-proto v0.11.16
  Downloaded yamlpath v1.30.1
  Downloaded yamlpatch v1.30.1
  Downloaded zizmor-sarif v1.30.1
  Downloaded rustls v0.23.34
  Downloaded tree-sitter-bash v0.25.1
  Downloaded jsonschema v0.51.0
  Downloaded libc v0.2.185
  Downloaded fst v0.4.7
  Downloaded aws-lc-sys v0.41.0
   Compiling proc-macro2 v1.0.106
   Compiling unicode-ident v1.0.20
   Compiling quote v1.0.45
   Compiling windows-link v0.2.1
   Compiling memchr v2.8.3
   Compiling serde_core v1.0.229
   Compiling getrandom v0.3.4
   Compiling cfg-if v1.0.4
   Compiling shlex v1.3.0
   Compiling find-msvc-tools v0.1.5
   Compiling itoa v1.0.15
   Compiling serde v1.0.229
   Compiling once_cell v1.21.3
   Compiling pin-project-lite v0.2.16
   Compiling zmij v1.0.2
   Compiling bytes v1.11.1
   Compiling smallvec v1.15.1
   Compiling futures-core v0.3.34
   Compiling stable_deref_trait v1.2.1
   Compiling version_check v0.9.5
   Compiling futures-sink v0.3.34
   Compiling equivalent v1.0.2
   Compiling slab v0.4.11
   Compiling regex-syntax v0.8.11
   Compiling foldhash v0.2.0
   Compiling windows_x86_64_msvc v0.53.1
   Compiling serde_json v1.0.151
   Compiling allocator-api2 v0.2.21
   Compiling dunce v1.0.5
   Compiling futures-task v0.3.34
   Compiling fs_extra v1.3.0
   Compiling windows-sys v0.61.2
   Compiling percent-encoding v2.3.2
   Compiling futures-io v0.3.34
   Compiling writeable v0.6.1
   Compiling litemap v0.8.0
   Compiling autocfg v1.5.0
   Compiling icu_properties_data v2.0.1
   Compiling futures-channel v0.3.34
   Compiling tracing-core v0.1.36
   Compiling libc v0.2.185
   Compiling icu_normalizer_data v2.0.0
   Compiling windows-strings v0.5.1
   Compiling windows-result v0.4.1
   Compiling crossbeam-utils v0.8.21
   Compiling thiserror v2.0.20
   Compiling aws-lc-rs v1.17.0
   Compiling typenum v1.20.1
   Compiling generic-array v0.14.7
   Compiling log v0.4.28
   Compiling zeroize v1.8.2
   Compiling aho-corasick v1.1.3
   Compiling hashbrown v0.17.0
   Compiling parking_lot_core v0.9.12
   Compiling num-traits v0.2.19
   Compiling http v1.5.0
   Compiling jobserver v0.1.34
   Compiling windows-targets v0.53.5
   Compiling scopeguard v1.2.0
   Compiling httparse v1.10.1
   Compiling anstyle v1.0.13
   Compiling windows-sys v0.60.2
   Compiling rustls-pki-types v1.12.0
   Compiling windows-threading v0.2.1
   Compiling windows_x86_64_msvc v0.52.6
   Compiling once_cell_polyfill v1.70.2
   Compiling cc v1.2.49
   Compiling lock_api v0.4.14
   Compiling heck v0.5.0
   Compiling ref-cast v1.0.25
   Compiling utf8_iter v1.0.4
   Compiling untrusted v0.9.0
   Compiling tower-service v0.3.3
   Compiling utf8parse v0.2.2
   Compiling rustls v0.23.34
   Compiling windows-link v0.1.3
   Compiling form_urlencoded v1.2.2
   Compiling tree-sitter-language v0.1.5
   Compiling try-lock v0.2.5
   Compiling thiserror v1.0.69
   Compiling syn v2.0.117
   Compiling syn v3.0.3
   Compiling anstyle-parse v1.0.0
   Compiling is_terminal_polyfill v1.70.2
   Compiling colorchoice v1.0.4
   Compiling portable-atomic v1.13.1
   Compiling cpufeatures v0.2.17
   Compiling getrandom v0.4.2
   Compiling fnv v1.0.7
   Compiling subtle v2.6.1
   Compiling indexmap v2.14.0
   Compiling ryu v1.0.20
   Compiling atomic-waker v1.1.2
   Compiling want v0.3.1
   Compiling windows-result v0.3.4
   Compiling windows-strings v0.4.2
   Compiling sync_wrapper v1.0.2
   Compiling borrow-or-share v0.2.4
   Compiling http-body v1.0.1
   Compiling pin-utils v0.1.0
   Compiling fst v0.4.7
   Compiling zerocopy v0.8.27
   Compiling parking v2.2.1
   Compiling bitflags v2.10.0
   Compiling tower-layer v0.3.3
   Compiling either v1.16.0
   Compiling windows-targets v0.52.6
   Compiling parking_lot v0.12.5
   Compiling crossbeam-epoch v0.9.18
   Compiling event-listener v5.4.2
   Compiling ahash v0.8.12
   Compiling powerfmt v0.2.0
   Compiling windows-registry v0.5.3
   Compiling unicode-width v0.1.14
   Compiling regex-automata v0.4.18
   Compiling strsim v0.11.1
   Compiling block-buffer v0.10.4
   Compiling crypto-common v0.1.7
   Compiling winapi v0.3.9
   Compiling cmake v0.1.54
   Compiling clap_lex v1.0.0
   Compiling digest v0.10.7
   Compiling base64 v0.22.1
   Compiling ipnet v2.11.0
   Compiling unicode-width v0.2.2
   Compiling event-listener-strategy v0.5.4
   Compiling deranged v0.5.4
   Compiling uuid v1.23.0
   Compiling windows-sys v0.59.0
   Compiling num-integer v0.1.46
   Compiling anstyle-query v1.1.4
   Compiling anstyle-wincon v3.0.10
   Compiling num-complex v0.4.6
   Compiling sha-1 v0.10.1
   Compiling sha2 v0.10.9
   Compiling xxhash-rust v0.8.18
   Compiling base64 v0.21.7
   Compiling anstream v1.0.0
   Compiling num-conv v0.2.0
   Compiling ntapi v0.4.2
   Compiling anyhow v1.0.104
   Compiling arrayvec v0.7.6
   Compiling num-bigint v0.4.8
   Compiling num-iter v0.1.45
   Compiling time-core v0.1.8
   Compiling clap_builder v4.6.0
   Compiling hex v0.4.3
   Compiling fastrand v2.3.0
   Compiling iri-string v0.7.8
   Compiling streaming-iterator v0.1.9
   Compiling vte v0.15.0
   Compiling sha1 v0.10.7
   Compiling async-lock v3.4.2
   Compiling http-body-util v0.1.3
   Compiling crossbeam-channel v0.5.16
   Compiling csv-core v0.1.13
   Compiling encoding_rs v0.8.35
   Compiling aws-lc-sys v0.41.0
   Compiling tree-sitter-yaml v0.7.2
   Compiling self_cell v1.3.0
   Compiling bit-vec v0.8.0
   Compiling unicode-general-category v1.1.0
   Compiling encode_unicode v1.0.0
   Compiling lazy_static v1.5.0
   Compiling mime v0.3.17
   Compiling nohash-hasher v0.2.0
   Compiling tagptr v0.2.0
   Compiling memmap2 v0.5.10
   Compiling text-size v1.1.1
   Compiling libyaml-rs v0.3.0
   Compiling crc32fast v1.5.0
   Compiling socket2 v0.6.3
   Compiling mio v1.2.0
   Compiling winapi-util v0.1.11
   Compiling tempfile v3.23.0
   Compiling time v0.3.47
   Compiling csv v1.4.0
   Compiling console v0.16.4
   Compiling same-file v1.0.6
   Compiling nu-ansi-term v0.50.3
   Compiling walkdir v2.5.0
   Compiling line-index v0.1.2
   Compiling num-rational v0.4.2
   Compiling sharded-slab v0.1.7
   Compiling bit-set v0.8.0
   Compiling tree-sitter-bash v0.25.1
   Compiling tree-sitter-powershell v0.26.4
   Compiling toml_datetime v1.1.1+spec-1.1.0
   Compiling serde_spanned v1.1.1
   Compiling num v0.4.3
   Compiling fraction v0.16.0
   Compiling vt100 v0.16.2
   Compiling tree-sitter v0.26.13
   Compiling tracing-log v0.2.0
   Compiling bstr v1.12.0
   Compiling thread_local v1.1.9
   Compiling rustc-demangle v0.1.26
   Compiling camino v1.2.5
   Compiling micromap v0.3.0
   Compiling adler2 v2.0.1
   Compiling bytecount v0.6.9
   Compiling synstructure v0.13.2
   Compiling unit-prefix v0.5.1
   Compiling simd-adler32 v0.3.7
   Compiling num-cmp v0.1.0
   Compiling vsimd v0.8.0
   Compiling httpdate v1.0.3
   Compiling toml_writer v1.1.1+spec-1.1.0
   Compiling owo-colors v4.3.0
   Compiling outref v0.5.2
   Compiling hashbrown v0.14.5
   Compiling zizmor v1.30.1
   Compiling miniz_oxide v0.8.9
   Compiling toml v1.1.1+spec-1.1.0
   Compiling indicatif v0.18.6
   Compiling regex v1.13.1
   Compiling matchers v0.2.0
   Compiling globset v0.4.18
   Compiling fancy-regex v0.19.0
   Compiling uuid-simd v0.8.0
   Compiling backtrace v0.3.76
   Compiling filetime v0.2.26
   Compiling crossbeam-deque v0.8.6
   Compiling serde_derive v1.0.229
   Compiling tokio-macros v2.7.2
   Compiling futures-macro v0.3.34
   Compiling thiserror-impl v2.0.20
   Compiling async-trait v0.1.92
   Compiling dashmap v6.1.0
   Compiling jsonschema-regex v0.51.0
   Compiling itertools v0.14.0
   Compiling bitflip v0.1.0
   Compiling data-encoding v2.9.0
   Compiling ignore v0.4.33
   Compiling tar v0.4.46
   Compiling tokio v1.53.1
   Compiling flate2 v1.1.9
   Compiling futures-util v0.3.34
   Compiling etcetera v0.11.0
   Compiling zerofrom-derive v0.1.6
   Compiling yoke-derive v0.8.0
   Compiling zerovec-derive v0.11.1
   Compiling displaydoc v0.2.5
   Compiling tracing-attributes v0.1.31
   Compiling windows-interface v0.59.3
   Compiling windows-implement v0.60.2
   Compiling ref-cast-impl v1.0.25
   Compiling thiserror-impl v1.0.69
   Compiling miette-derive v5.10.0
   Compiling clap_derive v4.6.1
   Compiling cobs v0.3.0
   Compiling tree-sitter-iter v1.30.1
   Compiling strum_macros v0.28.0
   Compiling annotate-snippets v0.12.16
   Compiling itertools v0.15.0
   Compiling terminal-link v0.1.0
   Compiling windows-core v0.62.2
   Compiling fluent-uri v0.3.2
   Compiling zerofrom v0.1.6
   Compiling yoke v0.8.0
   Compiling tracing v0.1.44
   Compiling zerovec v0.11.4
   Compiling zerotrie v0.2.2
   Compiling windows-collections v0.3.2
   Compiling windows-numerics v0.3.1
   Compiling windows-future v0.3.2
   Compiling tracing-subscriber v0.3.23
   Compiling typomania v0.2.0
   Compiling miette v5.10.0
   Compiling windows v0.62.2
   Compiling clap v4.6.1
   Compiling futures-executor v0.3.34
   Compiling ssri v9.2.0
   Compiling futures v0.3.34
   Compiling serde_urlencoded v0.7.1
   Compiling http-serde v2.1.1
   Compiling yaml_serde v0.10.7
   Compiling tinystr v0.8.1
   Compiling potential_utf v0.1.3
   Compiling http-cache-semantics v3.0.0
   Compiling postcard v1.1.3
   Compiling icu_locale_core v2.0.0
   Compiling icu_collections v2.0.0
   Compiling subfeature v1.30.1
   Compiling fluent-uri v0.4.1
   Compiling moka v0.12.15
   Compiling jsonschema-value v0.51.0
   Compiling strum v0.28.0
   Compiling ls-types v0.0.2
   Compiling yamlpath v1.30.1
   Compiling email_address v0.2.9
   Compiling clap_complete v4.6.9
   Compiling referencing v0.51.0
   Compiling icu_provider v2.0.0
   Compiling tokio-util v0.7.16
   Compiling tower v0.5.2
   Compiling tokio-stream v0.1.19
   Compiling clap_complete_nushell v4.6.1
   Compiling icu_properties v2.0.1
   Compiling icu_normalizer v2.0.0
   Compiling yamlpatch v1.30.1
   Compiling h2 v0.4.13
   Compiling tower-http v0.6.8
   Compiling github-actions-models v1.30.1
   Compiling tracing-indicatif v0.3.14
   Compiling github-actions-expressions v1.30.1
   Compiling zizmor-sarif v1.30.1
   Compiling clap-verbosity-flag v3.0.4
   Compiling idna_adapter v1.2.1
   Compiling idna v1.1.0
   Compiling url v2.5.8
   Compiling jsonschema v0.51.0
   Compiling pre-commit-models v1.30.1
   Compiling hyper v1.7.0
   Compiling hyper-util v0.1.17
   Compiling rustls-webpki v0.103.13
   Compiling tower-lsp-server v0.23.0
   Compiling tokio-rustls v0.26.4
   Compiling hyper-rustls v0.27.7
   Compiling rustls-platform-verifier v0.6.1
   Compiling reqwest v0.13.4
   Compiling reqwest-middleware v0.5.2
   Compiling reflink-copy v0.1.30
   Compiling sysinfo v0.38.4
   Compiling cacache v13.1.0
   Compiling human-panic v2.0.8
   Compiling http-cache v1.0.0-alpha.7
   Compiling http-cache-reqwest v1.0.0-alpha.8
    Finished `release` profile [optimized] target(s) in 2m 52s
  Installing D:\dev\rust\cargo\bin\zizmor.exe
   Installed package `zizmor v1.30.1` (executable `zizmor.exe`)
     Summary Successfully installed cargo-deny, zizmor!
