$ cargo nextest run -p viola-e2e --lib --no-fail-fast -E test(=harness::gate::tests::union_by_compiled_legs_body_no_leg_compiles_is_judged_by_all)
   Compiling viola-e2e v0.1.0 (D:\dev\projects\viola\crates\viola-e2e)
    Finished `test` profile [unoptimized + debuginfo] target(s) in 1.27s
────────────
 Nextest run ID c2f46a3b-8ad3-4324-b1da-7915c9149bc9 with nextest profile: default
    Starting 1 test across 1 binary (153 tests skipped)
        FAIL [   0.019s] (1/1) viola-e2e harness::gate::tests::union_by_compiled_legs_body_no_leg_compiles_is_judged_by_all
  stdout ───

    running 1 test
    test harness::gate::tests::union_by_compiled_legs_body_no_leg_compiles_is_judged_by_all ... FAILED

    failures:

    failures:
        harness::gate::tests::union_by_compiled_legs_body_no_leg_compiles_is_judged_by_all

    test result: FAILED. 0 passed; 1 failed; 0 ignored; 0 measured; 153 filtered out; finished in 0.01s

  stderr ───

    thread 'harness::gate::tests::union_by_compiled_legs_body_no_leg_compiles_is_judged_by_all' (53996) panicked at crates\viola-e2e\src\harness\gate.rs:571:9:
    assertion `left == right` failed
      left: []
     right: [("mutants", "crates/viola-pty/src/lib.rs:395:9: replace HostTerminal::enter -> Option<Self> with Some(Default::default())")]
    note: run with `RUST_BACKTRACE=1` environment variable to display a backtrace

────────────
     Summary [   0.020s] 1 test run: 0 passed, 1 failed, 153 skipped
        FAIL [   0.019s] (1/1) viola-e2e harness::gate::tests::union_by_compiled_legs_body_no_leg_compiles_is_judged_by_all
error: test run failed

exit 100
