    Finished `test` profile [unoptimized + debuginfo] target(s) in 0.08s
────────────
 Nextest run ID 0702caab-184b-45f3-aa27-6e3be264749d with nextest profile: ci
    Starting 0 tests across 38 binaries (340 tests and 9 binaries skipped)
────────────
     Summary [   0.001s] 0 tests run: 0 passed, 340 skipped
error: no tests to run
(hint: use `--no-tests` to customize)
    Finished `test` profile [unoptimized + debuginfo] target(s) in 0.07s
   Doc-tests viola_agent_claude
   Doc-tests viola_channel
   Doc-tests viola_core
   Doc-tests viola_e2e
   Doc-tests viola_pty
   Doc-tests viola_state

running 0 tests

test result: ok. 0 passed; 0 failed; 0 ignored; 0 measured; 0 filtered out; finished in 0.00s


running 0 tests

test result: ok. 0 passed; 0 failed; 0 ignored; 0 measured; 0 filtered out; finished in 0.00s


running 0 tests

test result: ok. 0 passed; 0 failed; 0 ignored; 0 measured; 0 filtered out; finished in 0.00s


running 0 tests

test result: ok. 0 passed; 0 failed; 0 ignored; 0 measured; 0 filtered out; finished in 0.00s


running 0 tests

test result: ok. 0 passed; 0 failed; 0 ignored; 0 measured; 0 filtered out; finished in 0.00s


running 0 tests

test result: ok. 0 passed; 0 failed; 0 ignored; 0 measured; 0 filtered out; finished in 0.00s

