   Compiling viola v0.1.0 (D:\dev\projects\viola)
   Compiling viola-e2e v0.1.0 (D:\dev\projects\viola\crates\viola-e2e)
    Finished `test` profile [unoptimized + debuginfo] target(s) in 18.27s
────────────
 Nextest run ID 353c70d2-e282-4bd3-9066-80e1dd448eab with nextest profile: ci
    Starting 0 tests across 9 binaries (745 tests and 28 binaries skipped)
────────────
     Summary [   0.002s] 0 tests run: 0 passed, 745 skipped
error: no tests to run
(hint: use `--no-tests` to customize)
    Finished `test` profile [unoptimized + debuginfo] target(s) in 0.13s
   Doc-tests viola_agent_claude
   Doc-tests viola_channel
   Doc-tests viola_core
   Doc-tests viola_e2e
   Doc-tests viola_pty
   Doc-tests viola_state

running 0 tests

test result: ok. 0 passed; 0 failed; 0 ignored; 0 measured; 0 filtered out; finished in 0.00s


running 0 tests

test result: ok. 0 passed; 0 failed; 0 ignored; 0 measured; 0 filtered out; finished in 0.00s


running 0 tests

test result: ok. 0 passed; 0 failed; 0 ignored; 0 measured; 0 filtered out; finished in 0.00s


running 0 tests

test result: ok. 0 passed; 0 failed; 0 ignored; 0 measured; 0 filtered out; finished in 0.00s


running 0 tests

test result: ok. 0 passed; 0 failed; 0 ignored; 0 measured; 0 filtered out; finished in 0.00s


running 0 tests

test result: ok. 0 passed; 0 failed; 0 ignored; 0 measured; 0 filtered out; finished in 0.00s

