  error: operator didn't match any binary names
   ╭────
 1 │ (kind(test)) & (binary(contract_fake_agent_drift))
   ·                        ────────────┬────────────
   ·                                    ╰── no binary names matched this
   ╰────

error: failed to parse filterset
    Finished `test` profile [unoptimized + debuginfo] target(s) in 0.13s
   Doc-tests viola_agent_claude
   Doc-tests viola_channel
   Doc-tests viola_core
   Doc-tests viola_e2e
   Doc-tests viola_pty
   Doc-tests viola_state

running 0 tests

test result: ok. 0 passed; 0 failed; 0 ignored; 0 measured; 0 filtered out; finished in 0.00s


running 0 tests

test result: ok. 0 passed; 0 failed; 0 ignored; 0 measured; 0 filtered out; finished in 0.00s


running 0 tests

test result: ok. 0 passed; 0 failed; 0 ignored; 0 measured; 0 filtered out; finished in 0.00s


running 0 tests

test result: ok. 0 passed; 0 failed; 0 ignored; 0 measured; 0 filtered out; finished in 0.00s


running 0 tests

test result: ok. 0 passed; 0 failed; 0 ignored; 0 measured; 0 filtered out; finished in 0.00s


running 0 tests

test result: ok. 0 passed; 0 failed; 0 ignored; 0 measured; 0 filtered out; finished in 0.00s

run-archive: skipped junit-nextest-integration.xml (absent)
