  error: operator didn't match any packages
   ╭────
 1 │ (kind(lib) | kind(bin)) & (package(viola-channel))
   ·                                    ──────┬──────
   ·                                          ╰── no packages matched this
   ╰────

error: failed to parse filterset
    Finished `test` profile [unoptimized + debuginfo] target(s) in 0.11s
   Doc-tests viola_agent_claude
   Doc-tests viola_core
   Doc-tests viola_e2e
   Doc-tests viola_pty
   Doc-tests viola_state

running 0 tests

test result: ok. 0 passed; 0 failed; 0 ignored; 0 measured; 0 filtered out; finished in 0.00s


running 0 tests

test result: ok. 0 passed; 0 failed; 0 ignored; 0 measured; 0 filtered out; finished in 0.00s


running 0 tests

test result: ok. 0 passed; 0 failed; 0 ignored; 0 measured; 0 filtered out; finished in 0.00s


running 0 tests

test result: ok. 0 passed; 0 failed; 0 ignored; 0 measured; 0 filtered out; finished in 0.00s


running 0 tests

test result: ok. 0 passed; 0 failed; 0 ignored; 0 measured; 0 filtered out; finished in 0.00s

{"v":1,"cmd":"run","ok":false,"suites":[{"suite":"nextest-unit","passed":0,"failed":1,"skipped":0,"survived":0,"artifact":null,"failures":["artifact-missing"]},{"suite":"doctest","passed":0,"failed":0,"skipped":0,"survived":0,"artifact":null,"failures":[]}]}
