   Compiling viola-e2e v0.1.0 (D:\dev\projects\viola\crates\viola-e2e)
    Finished `test` profile [unoptimized + debuginfo] target(s) in 1.53s
viola::run_cli fake_agent_answers_version_in_the_cli_format
viola::run_cli fake_agent_exits_on_stdin_eof
viola::run_cli fake_agent_stops_at_ctrl_c_and_reads_no_further
viola::run_cli run_appends_to_an_existing_role_file
viola::run_cli run_child_exit_status_is_recorded
viola::run_cli run_with_a_bad_name_is_usage_and_creates_nothing
viola::run_cli run_with_a_missing_program_exits_1_with_internal_error
viola::run_cli run_with_fake_agent_writes_start_and_exit_lines
viola::run_cli viola_without_a_verb_is_usage
viola::bin/viola run::tests::ensure_private_dir_creates_missing_parents
viola::bin/viola run::tests::millis_utc_writes_the_current_timestamp
viola::bin/viola run::tests::timestamp_is_rfc3339_utc_millis_with_z
viola::bin/viola tests::panic_hook_writes_exactly_one_line_without_payload
viola::bin/viola tests::panic_line_has_the_binding_fields_and_no_corr
viola::bin/viola tests::panic_line_without_instance_omits_the_key
viola::bin/viola tests::panic_location_absolute_without_src_keeps_file_name_only
viola::bin/viola tests::panic_location_dependency_path_trimmed_to_crate_dir
viola::bin/viola tests::panic_location_relative_path_kept_with_forward_slashes
viola::bin/viola tests::panic_location_src_at_root_keeps_file_name_only
viola-core tests::version_is_the_package_version
viola-core tests::viola_name_digits_and_hyphen_after_first_accepted
viola-core tests::viola_name_displays_its_value
viola-core tests::viola_name_empty_rejected
viola-core tests::viola_name_leading_non_letter_rejected
viola-core tests::viola_name_length_boundary_holds
viola-core tests::viola_name_outside_charset_rejected
viola-core tests::viola_name_plain_words_accepted
viola-e2e harness::boot::tests::boot_refuses_an_invalid_session_id
viola-e2e harness::boot::tests::boot_with_a_failing_build_reports_build_failed_with_its_exit
viola-e2e harness::boot::tests::cargo_build_succeeds_on_a_buildable_package
viola-e2e harness::boot::tests::failure_doc_carries_the_closed_fields
viola-e2e harness::boot::tests::instance_spec_parses_name_and_args
viola-e2e harness::boot::tests::instance_spec_rejects_invalid_names
viola-e2e harness::boot::tests::readiness_is_ready_when_both_processes_live
viola-e2e harness::boot::tests::readiness_names_each_missing_check
viola-e2e harness::boot::tests::readiness_reports_a_wrapper_that_already_exited
viola-e2e harness::boot::tests::role_file_is_the_run_role_basename
viola-e2e harness::boot::tests::role_state_reads_start_child_and_exit_lines
viola-e2e harness::boot::tests::session_path_puts_the_session_bin_first
viola-e2e harness::boot::tests::wait_ready_returns_a_ready_instance
viola-e2e harness::boot::tests::wait_ready_times_out_with_the_missing_checks
viola-e2e harness::cleanup::tests::all_sessions_lists_only_recorded_valid_sessions
viola-e2e harness::cleanup::tests::cleanup_all_stops_recorded_sessions_and_refuses_foreign_homes
viola-e2e harness::cleanup::tests::cleanup_rejects_an_invalid_session_id
viola-e2e harness::cleanup::tests::cleanup_without_a_session_is_ok_and_empty
viola-e2e harness::cleanup::tests::killed_by_supervisor_reads_the_killed_names
viola-e2e harness::cleanup::tests::remove_session_home_refuses_paths_outside_e2e_home
viola-e2e harness::cleanup::tests::remove_session_home_removes_a_boot_created_parent
viola-e2e harness::cleanup::tests::summarize_is_ok_only_when_everything_is_proven
viola-e2e harness::logs::tests::diag_lines_reads_only_ndjson_files_in_name_order
viola-e2e harness::logs::tests::filters_match_named_values_and_treat_absent_as_null
viola-e2e harness::logs::tests::logs_for_an_unknown_session_is_exit_2
viola-e2e harness::logs::tests::torn_lines_survive_any_filter
viola-e2e harness::logs::tests::wrap_lines_accepts_crlf_terminated_lines
viola-e2e harness::logs::tests::wrap_lines_wraps_records_and_marks_torn_lines
viola-e2e harness::run::tests::attr_reads_one_attribute_or_nothing
viola-e2e harness::run::tests::chunk_diff_holds_tracked_edits_and_untracked_files
viola-e2e harness::run::tests::exit_must_agree_turns_a_silent_red_exit_red
viola-e2e harness::run::tests::listed_reads_non_empty_lines
viola-e2e harness::run::tests::merge_summary_replaces_by_suite
viola-e2e harness::run::tests::mutants_exit_codes_map_to_reasons
viola-e2e harness::run::tests::mutants_suite_counts_missed_and_timeout_as_survivors
viola-e2e harness::run::tests::parse_doctest_sums_result_lines
viola-e2e harness::run::tests::parse_junit_counts_pass_fail_skip
viola-e2e harness::run::tests::resolve_base_needs_a_real_commit
viola-e2e harness::run::tests::run_mutants_passes_when_the_change_is_tested
viola-e2e harness::run::tests::run_mutants_reports_survivors_of_an_untested_change
viola-e2e harness::run::tests::run_mutants_with_an_unreachable_base_is_base_missing_and_writes_no_diff
viola-e2e harness::run::tests::run_reports_unit_integration_and_doctest_suites
viola-e2e harness::run::tests::run_with_a_failing_test_is_red_and_names_it
viola-e2e harness::run::tests::run_with_a_filter_matching_nothing_is_red
viola-e2e harness::run::tests::run_without_a_workspace_is_artifact_missing
viola-e2e harness::run::tests::selection_defaults_to_everything
viola-e2e harness::run::tests::selection_picks_only_the_named_suites
viola-e2e harness::run::tests::suite_is_green_only_without_failures_or_survivors
viola-e2e harness::supervise::tests::exit_report_is_red_when_anything_was_killed
viola-e2e harness::supervise::tests::stop_requested_by_file_or_missing_spec
viola-e2e harness::supervise::tests::stop_sends_ctrl_c_and_the_child_exits_without_a_kill
viola-e2e harness::supervise::tests::supervise_without_a_spec_is_usage
viola-e2e harness::supervise::tests::wait_or_kill_kills_a_survivor_at_the_deadline
viola-e2e harness::tests::bin_dir_from_test_exe_skips_deps
viola-e2e harness::tests::exe_appends_platform_suffix
viola-e2e harness::tests::expired_tracks_the_deadline
viola-e2e harness::tests::json_round_trips_through_files
viola-e2e harness::tests::load_session_unknown_is_exit_2
viola-e2e harness::tests::outcome_codes_follow_ok
viola-e2e harness::tests::process_id_kill_stops_a_child_and_wait_gone_sees_it
viola-e2e harness::tests::process_id_sees_itself_alive_and_a_wrong_start_time_dead
viola-e2e harness::tests::valid_session_id_accepts_test_style_ids
viola-e2e harness::tests::valid_session_id_rejects_path_escapes
viola-e2e harness::tests::workspace_root_holds_the_root_manifest
viola-e2e::cli boot_with_an_invalid_instance_name_is_usage_before_any_build
viola-e2e::cli cleanup_keeps_the_home_under_agent_run_keep_homes
viola-e2e::cli cleanup_of_an_unknown_session_is_ok_and_empty
viola-e2e::cli status_and_logs_of_an_unknown_session_are_exit_2
viola-e2e::cli status_logs_and_cleanup_drive_a_booted_session
viola-e2e::cli supervise_without_a_spec_exits_2_and_prints_nothing
viola-e2e::cli unbuilt_selectors_and_unknown_commands_are_usage
viola-e2e::harness_lifecycle boot_that_never_gets_ready_times_out_and_stops_its_supervisor
viola-e2e::harness_lifecycle boot_without_the_fake_agent_binary_is_build_failed
viola-e2e::harness_lifecycle cleanup_force_kills_a_recorded_process_that_outlives_the_stop
viola-e2e::harness_lifecycle harness_session_boots_reports_logs_and_tears_down
viola-e2e::harness_lifecycle harness_session_with_a_dead_wrapper_reads_degraded
