   Compiling proc-macro2 v1.0.107
   Compiling quote v1.0.47
   Compiling unicode-ident v1.0.26
    Checking windows-link v0.2.1
    Checking cfg-if v1.0.5
   Compiling autocfg v1.5.1
   Compiling serde_core v1.0.229
   Compiling getrandom v0.3.4
   Compiling semver v1.0.28
   Compiling serde v1.0.229
    Checking memchr v2.8.3
   Compiling zerocopy v0.8.58
    Checking once_cell v1.21.4
   Compiling unicode-segmentation v1.13.3
    Checking foldhash v0.2.0
    Checking equivalent v1.0.2
   Compiling zmij v1.0.23
    Checking allocator-api2 v0.2.21
   Compiling serde_json v1.0.151
    Checking regex-syntax v0.8.11
   Compiling heck v0.5.0
    Checking itoa v1.0.18
   Compiling version_check v0.9.5
    Checking once_cell_polyfill v1.70.2
   Compiling urlencoding v2.1.3
   Compiling ref-cast v1.0.27
    Checking anstyle v1.0.14
    Checking utf8parse v0.2.2
   Compiling parking_lot_core v0.9.12
    Checking colorchoice v1.0.5
    Checking scopeguard v1.2.0
    Checking is_terminal_polyfill v1.70.2
    Checking windows-sys v0.61.2
    Checking windows-result v0.4.1
    Checking windows-strings v0.5.1
    Checking anstyle-parse v1.0.0
    Checking smallvec v1.16.1
   Compiling unicode-general-category v1.1.0
    Checking clap_lex v1.1.1
    Checking bit-vec v0.8.0
   Compiling rustc_version v0.4.1
    Checking lock_api v0.4.14
   Compiling winapi v0.3.9
    Checking strsim v0.11.1
    Checking borrow-or-share v0.2.4
   Compiling getrandom v0.4.3
    Checking windows-threading v0.2.1
    Checking vsimd v0.8.0
    Checking outref v0.5.2
   Compiling libc v0.2.189
    Checking num-cmp v0.1.0
   Compiling ntapi v0.4.3
    Checking bytecount v0.6.9
    Checking micromap v0.3.0
    Checking percent-encoding v2.3.2
   Compiling ahash v0.8.12
   Compiling thiserror v2.0.20
    Checking bit-set v0.8.0
    Checking hashbrown v0.17.1
    Checking data-encoding v2.11.1
    Checking fastrand v2.5.0
    Checking tracing-core v0.1.36
   Compiling num-traits v0.2.19
    Checking lazy_static v1.5.0
   Compiling nutype_macros v0.8.0
   Compiling rstest_macros v0.27.0
   Compiling anyhow v1.0.104
   Compiling convert_case v0.11.0
    Checking aho-corasick v1.1.5
    Checking thread_local v1.1.10
    Checking rand_core v0.9.5
   Compiling glob v0.3.4
    Checking sharded-slab v0.1.7
    Checking pin-project-lite v0.2.17
   Compiling relative-path v1.9.3
    Checking unarray v0.1.4
    Checking bitflags v2.13.2
    Checking parking_lot v0.12.5
    Checking rand_xorshift v0.4.0
    Checking rand v0.9.5
    Checking uuid-simd v0.8.0
    Checking tracing v0.1.44
    Checking indexmap v2.14.2
   Compiling syn v2.0.119
   Compiling syn v3.0.6
    Checking anstyle-wincon v3.0.11
    Checking anstyle-query v1.1.5
    Checking tempfile v3.27.0
    Checking anstream v1.0.0
    Checking num-integer v0.1.47
    Checking num-complex v0.4.6
    Checking chrono v0.4.45
    Checking clap_builder v4.6.7
    Checking regex-automata v0.4.18
    Checking jsonschema-regex v0.57.0
    Checking num-bigint v0.4.8
    Checking num-iter v0.1.46
    Checking num-rational v0.4.2
    Checking num v0.4.3
    Checking fraction v0.17.0
    Checking regex v1.13.1
    Checking fancy-regex v0.19.2
   Compiling serde_derive v1.0.229
   Compiling ref-cast-impl v1.0.27
   Compiling clap_derive v4.6.7
   Compiling thiserror-impl v2.0.20
    Checking ppv-lite86 v0.2.21
    Checking rand_chacha v0.9.0
    Checking proptest v1.11.0
   Compiling kinded_macros v0.5.1
   Compiling windows-interface v0.59.3
   Compiling windows-implement v0.60.2
   Compiling strum_macros v0.28.0
    Checking clap v4.6.7
    Checking windows-core v0.62.2
   Compiling kinded v0.5.1
    Checking windows-numerics v0.3.1
    Checking windows-future v0.3.2
    Checking windows-collections v0.3.2
    Checking windows v0.62.2
    Checking strum v0.28.0
    Checking fluent-uri v0.4.1
    Checking email_address v0.2.9
    Checking tracing-serde v0.2.0
    Checking tracing-subscriber v0.3.23
    Checking jsonschema-value v0.57.0
    Checking referencing v0.57.0
    Checking rstest v0.27.0
    Checking jsonschema v0.57.0
    Checking nutype v0.8.0
    Checking viola-core v0.1.0 (D:\dev\projects\viola\crates\viola-core)
    Checking viola v0.1.0 (D:\dev\projects\viola)
    Checking sysinfo v0.39.6
    Checking viola-e2e v0.1.0 (D:\dev\projects\viola\crates\viola-e2e)
    Finished `dev` profile [unoptimized + debuginfo] target(s) in 15.92s
rc=0
