
running 1 test
tests::spawn_runs_a_raw_child_that_sees_its_size_a_resize_and_its_own_exit_code --- FAILED

failures:

---- tests::spawn_runs_a_raw_child_that_sees_its_size_a_resize_and_its_own_exit_code stdout ----

thread 'tests::spawn_runs_a_raw_child_that_sees_its_size_a_resize_and_its_own_exit_code' (61036) panicked at crates\viola-pty\src\lib.rs:1063:9:
assertion `left == right` failed
  left: "restored=false"
 right: "restored=true"
note: run with `RUST_BACKTRACE=1` environment variable to display a backtrace


failures:
    tests::spawn_runs_a_raw_child_that_sees_its_size_a_resize_and_its_own_exit_code

test result: FAILED. 0 passed; 1 failed; 0 ignored; 0 measured; 18 filtered out; finished in 0.07s

warning: unnecessary `unsafe` block
   --> crates\viola-pty\src\lib.rs:438:13
    |
438 |             unsafe {
    |             ^^^^^^ unnecessary `unsafe` block
    |
    = note: `#[warn(unused_unsafe)]` (part of `#[warn(unused)]`) on by default

error: test failed, to rerun pass `-p viola-pty --lib`
