    Checking viola-e2e v0.1.0 (D:\dev\projects\viola\crates\viola-e2e)
    Checking viola v0.1.0 (D:\dev\projects\viola)
error[E0277]: the trait bound `harness::schema_check::DiagKind: std::cmp::Ord` is not satisfied
   --> crates\viola-e2e\src\harness\schema_check.rs:31:15
    |
 31 |     out.files.sort();
    |               ^^^^ the trait `std::cmp::Ord` is not implemented for `harness::schema_check::DiagKind`
    |
    = help: the following other types implement trait `std::cmp::Ord`:
              ()
              (A, Z, Y, X, W, V, U, T)
              (B, A, Z, Y, X, W, V, U, T)
              (C, B, A, Z, Y, X, W, V, U, T)
              (D, C, B, A, Z, Y, X, W, V, U, T)
              (E, D, C, B, A, Z, Y, X, W, V, U, T)
              (T,)
              (U, T)
            and 5 others
    = note: required for `(std::path::PathBuf, harness::schema_check::DiagKind)` to implement `std::cmp::Ord`
note: required by a bound in `std::slice::<impl [T]>::sort`
   --> D:\dev\rust\rustup\toolchains\1.98.1-x86_64-pc-windows-msvc\lib/rustlib/src/rust\library\alloc\src\slice.rs:133:12
    |
131 |     pub fn sort(&mut self)
    |            ---- required by a bound in this associated function
132 |     where
133 |         T: Ord,
    |            ^^^ required by this bound in `std::slice::<impl [T]>::sort`
help: consider annotating `harness::schema_check::DiagKind` with `#[derive(Ord)]`
    |
 15 + #[derive(Ord)]
 16 | pub enum DiagKind {
    |

For more information about this error, try `rustc --explain E0277`.
error: could not compile `viola-e2e` (lib) due to 1 previous error
warning: build failed, waiting for other jobs to finish...
error: could not compile `viola-e2e` (lib test) due to 1 previous error
