   Compiling viola v0.1.0 (D:\dev\projects\viola)
   Compiling viola-e2e v0.1.0 (D:\dev\projects\viola\crates\viola-e2e)
    Finished `test` profile [unoptimized + debuginfo] target(s) in 1.64s
────────────
 Nextest run ID a9d58ebb-a912-4d77-a689-736822c672a4 with nextest profile: ci
    Starting 14 tests across 5 binaries (144 tests and 8 binaries skipped)
        PASS [   0.048s] ( 1/14) viola-e2e harness::secret_scan::tests::secret_scan_clears_a_stale_report_on_a_clean_run
        PASS [   0.048s] ( 2/14) viola-e2e harness::secret_scan::tests::cookie_pairs_need_digits_then_equals
        PASS [   0.052s] ( 3/14) viola-e2e harness::secret_scan::tests::secret_scan_scans_the_junit_report
        PASS [   0.059s] ( 4/14) viola-e2e harness::secret_scan::tests::mode_hit_flags_only_a_mode_that_is_not_owner_only
        PASS [   0.065s] ( 5/14) viola-e2e harness::secret_scan::tests::find_all_handles_short_and_empty_inputs
        PASS [   0.072s] ( 6/14) viola-e2e harness::secret_scan::tests::secret_scan_passes_a_clean_tree
        PASS [   0.087s] ( 7/14) viola-e2e harness::secret_scan::tests::secret_scan_flags_every_critical_class_even_in_a_detail_file
        PASS [   0.088s] ( 8/14) viola-e2e harness::secret_scan::tests::secret_scan_content_canary_fails_a_role_file_only
        PASS [   0.090s] ( 9/14) viola-e2e harness::secret_scan::tests::secret_scan_reads_the_gui_token_from_the_url_file
        PASS [   0.093s] (10/14) viola-e2e harness::secret_scan::tests::secret_scan_hit_locates_without_the_matched_bytes
        PASS [   0.093s] (11/14) viola-e2e harness::secret_scan::tests::secret_scan_on_an_empty_scope_is_empty_scope
        PASS [   0.097s] (12/14) viola-e2e harness::secret_scan::tests::secret_scan_descends_into_the_capture_tree
        PASS [   0.099s] (13/14) viola-e2e harness::secret_scan::tests::url_token_takes_the_t_parameter
        PASS [   0.106s] (14/14) viola-e2e harness::secret_scan::tests::secret_scan_marks_a_report_it_could_not_write
────────────
     Summary [   0.107s] 14 tests run: 14 passed, 144 skipped
    Finished `test` profile [unoptimized + debuginfo] target(s) in 0.09s
   Doc-tests viola_core
   Doc-tests viola_e2e

running 0 tests

test result: ok. 0 passed; 0 failed; 0 ignored; 0 measured; 0 filtered out; finished in 0.00s


running 0 tests

test result: ok. 0 passed; 0 failed; 0 ignored; 0 measured; 0 filtered out; finished in 0.00s

{"v":1,"cmd":"run","ok":true,"suites":[{"suite":"nextest-unit","passed":14,"failed":0,"skipped":0,"survived":0,"artifact":"D:\\dev\\projects\\viola\\target\\agent-run\\artifacts\\junit-nextest-unit.xml","failures":[]},{"suite":"doctest","passed":0,"failed":0,"skipped":0,"survived":0,"artifact":null,"failures":[]}]}
