    Finished `test` profile [unoptimized + debuginfo] target(s) in 0.12s
────────────
 Nextest run ID 8b34dd0b-eb42-4c76-8fb2-65a0e1def1bb with nextest profile: ci
    Starting 0 tests across 7 binaries (292 tests and 15 binaries skipped)
────────────
     Summary [   0.001s] 0 tests run: 0 passed, 292 skipped
error: no tests to run
(hint: use `--no-tests` to customize)
    Finished `test` profile [unoptimized + debuginfo] target(s) in 0.11s
   Doc-tests viola_agent_claude
   Doc-tests viola_core
   Doc-tests viola_e2e
   Doc-tests viola_pty

running 0 tests

test result: ok. 0 passed; 0 failed; 0 ignored; 0 measured; 0 filtered out; finished in 0.00s


running 0 tests

test result: ok. 0 passed; 0 failed; 0 ignored; 0 measured; 0 filtered out; finished in 0.00s


running 0 tests

test result: ok. 0 passed; 0 failed; 0 ignored; 0 measured; 0 filtered out; finished in 0.00s


running 0 tests

test result: ok. 0 passed; 0 failed; 0 ignored; 0 measured; 0 filtered out; finished in 0.00s

{"v":1,"cmd":"run","ok":false,"suites":[{"suite":"nextest-unit","passed":0,"failed":1,"skipped":0,"survived":0,"artifact":"D:\\dev\\projects\\viola\\target\\agent-run\\artifacts\\junit-nextest-unit.xml","failures":["nextest-exit-4"]},{"suite":"doctest","passed":0,"failed":0,"skipped":0,"survived":0,"artifact":null,"failures":[]}]}
