  error: operator didn't match any binary names
   ╭────
 1 │ (kind(test)) & (binary(cli_instance_state) | test(/tui_env_viola_names_reach_the_child/))
   ·                        ─────────┬────────
   ·                                 ╰── no binary names matched this
   ╰────

error: failed to parse filterset
    Finished `test` profile [unoptimized + debuginfo] target(s) in 0.10s
   Doc-tests viola_agent_claude
   Doc-tests viola_core
   Doc-tests viola_e2e
   Doc-tests viola_pty

running 0 tests

test result: ok. 0 passed; 0 failed; 0 ignored; 0 measured; 0 filtered out; finished in 0.00s


running 0 tests

test result: ok. 0 passed; 0 failed; 0 ignored; 0 measured; 0 filtered out; finished in 0.00s


running 0 tests

test result: ok. 0 passed; 0 failed; 0 ignored; 0 measured; 0 filtered out; finished in 0.00s


running 0 tests

test result: ok. 0 passed; 0 failed; 0 ignored; 0 measured; 0 filtered out; finished in 0.00s

{"v":1,"cmd":"run","ok":false,"suites":[{"suite":"nextest-integration","passed":0,"failed":1,"skipped":0,"survived":0,"artifact":null,"failures":["artifact-missing"]},{"suite":"doctest","passed":0,"failed":0,"skipped":0,"survived":0,"artifact":null,"failures":[]}]}
