   Compiling proc-macro2 v1.0.107
   Compiling unicode-ident v1.0.26
   Compiling quote v1.0.47
   Compiling windows-link v0.2.1
   Compiling autocfg v1.5.1
   Compiling cfg-if v1.0.5
   Compiling serde_core v1.0.229
   Compiling memchr v2.8.3
   Compiling serde v1.0.229
   Compiling allocator-api2 v0.2.21
   Compiling zmij v1.0.23
   Compiling zerocopy v0.8.58
   Compiling foldhash v0.2.0
   Compiling unicode-segmentation v1.13.3
   Compiling getrandom v0.3.4
   Compiling version_check v0.9.5
   Compiling equivalent v1.0.2
   Compiling semver v1.0.28
   Compiling parking_lot_core v0.9.12
   Compiling ref-cast v1.0.27
   Compiling regex-syntax v0.8.11
   Compiling heck v0.5.0
   Compiling once_cell v1.21.4
   Compiling serde_json v1.0.151
   Compiling anstyle v1.0.14
   Compiling once_cell_polyfill v1.70.2
   Compiling winapi v0.3.9
   Compiling smallvec v1.16.1
   Compiling scopeguard v1.2.0
   Compiling utf8parse v0.2.2
   Compiling itoa v1.0.18
   Compiling libc v0.2.189
   Compiling bit-vec v0.8.0
   Compiling unicode-general-category v1.1.0
   Compiling windows-sys v0.61.2
   Compiling windows-strings v0.5.1
   Compiling windows-result v0.4.1
   Compiling lock_api v0.4.14
   Compiling anstyle-parse v1.0.0
   Compiling windows-threading v0.2.1
   Compiling colorchoice v1.0.5
   Compiling ntapi v0.4.3
   Compiling getrandom v0.4.3
   Compiling is_terminal_polyfill v1.70.2
   Compiling urlencoding v2.1.3
   Compiling ahash v0.8.12
   Compiling borrow-or-share v0.2.4
   Compiling rustc_version v0.4.1
   Compiling bit-set v0.8.0
   Compiling micromap v0.3.0
   Compiling num-traits v0.2.19
   Compiling clap_lex v1.1.1
   Compiling thiserror v2.0.20
   Compiling hashbrown v0.17.1
   Compiling num-cmp v0.1.0
   Compiling convert_case v0.11.0
   Compiling bytecount v0.6.9
   Compiling vsimd v0.8.0
   Compiling strsim v0.11.1
   Compiling percent-encoding v2.3.2
   Compiling outref v0.5.2
   Compiling data-encoding v2.11.1
   Compiling fastrand v2.5.0
   Compiling aho-corasick v1.1.5
   Compiling nutype_macros v0.8.0
   Compiling parking_lot v0.12.5
   Compiling uuid-simd v0.8.0
   Compiling syn v2.0.119
   Compiling syn v3.0.6
   Compiling indexmap v2.14.2
   Compiling anstyle-wincon v3.0.11
   Compiling anstyle-query v1.1.5
   Compiling tempfile v3.27.0
   Compiling anstream v1.0.0
   Compiling num-integer v0.1.47
   Compiling num-complex v0.4.6
   Compiling clap_builder v4.6.7
   Compiling num-bigint v0.4.8
   Compiling num-iter v0.1.46
   Compiling regex-automata v0.4.18
   Compiling jsonschema-regex v0.57.0
   Compiling num-rational v0.4.2
   Compiling num v0.4.3
   Compiling fraction v0.17.0
   Compiling serde_derive v1.0.229
   Compiling ref-cast-impl v1.0.27
   Compiling thiserror-impl v2.0.20
   Compiling clap_derive v4.6.7
   Compiling fancy-regex v0.19.2
   Compiling regex v1.13.1
   Compiling windows-interface v0.59.3
   Compiling windows-implement v0.60.2
   Compiling kinded_macros v0.5.1
   Compiling strum_macros v0.28.0
   Compiling windows-core v0.62.2
   Compiling kinded v0.5.1
   Compiling clap v4.6.7
   Compiling windows-numerics v0.3.1
   Compiling windows-collections v0.3.2
   Compiling windows-future v0.3.2
   Compiling strum v0.28.0
   Compiling windows v0.62.2
   Compiling fluent-uri v0.4.1
   Compiling email_address v0.2.9
   Compiling jsonschema-value v0.57.0
   Compiling referencing v0.57.0
   Compiling jsonschema v0.57.0
   Compiling nutype v0.8.0
   Compiling viola-core v0.1.0 (D:\dev\projects\viola\crates\viola-core)
   Compiling sysinfo v0.39.6
   Compiling viola-e2e v0.1.0 (D:\dev\projects\viola\crates\viola-e2e)
    Finished `test` profile [unoptimized + debuginfo] target(s) in 19.97s
────────────
 Nextest run ID e6e47938-010f-47dc-8dac-743347cabd8d with nextest profile: ci
    Starting 27 tests across 6 binaries (124 tests skipped)
        PASS [   0.015s] ( 1/27) viola-e2e harness::run::mutants::tests::leg_verdict_keeps_names_and_outcomes_only
        PASS [   0.025s] ( 2/27) viola-e2e harness::run::mutants::tests::listed_reads_non_empty_lines
        PASS [   0.027s] ( 3/27) viola-e2e harness::run::mutants::tests::mutants_suite_counts_missed_and_timeout_as_survivors
        PASS [   0.030s] ( 4/27) viola-e2e harness::gate::tests::gate_single_leg_mutants_read_the_summary_survivors
        PASS [   0.050s] ( 5/27) viola-e2e harness::run::mutants::tests::mutants_suite_is_red_when_unviable_outnumbers_caught
        PASS [   0.055s] ( 6/27) viola-e2e harness::run::tests::selection_defaults_to_unit_integration_and_mutants
        PASS [   0.089s] ( 7/27) viola-e2e harness::run::mutants::tests::rust_paths_lists_each_rust_path_once
        PASS [   0.095s] ( 8/27) viola-e2e harness::run::mutants::tests::rust_delta_classifies_diff_headers
        PASS [   0.105s] ( 9/27) viola-e2e harness::run::mutants::tests::mutants_exit_codes_map_to_reasons
        PASS [   0.154s] (10/27) viola-e2e harness::run::mutants::tests::test_target_holds_only_test_bench_and_example_dirs
        PASS [   0.298s] (11/27) viola-e2e harness::run::mutants::tests::chunk_diff_holds_tracked_edits_and_untracked_files
        PASS [   0.565s] (12/27) viola-e2e harness::run::mutants::tests::run_mutants_leg_refused_clears_a_stale_verdict
        PASS [   0.609s] (13/27) viola-e2e harness::run::mutants::tests::resolve_base_needs_a_real_commit
        PASS [   0.693s] (14/27) viola-e2e harness::run::mutants::tests::run_mutants_with_an_unreachable_base_is_base_missing_and_writes_no_diff
        PASS [   0.787s] (15/27) viola-e2e harness::run::mutants::tests::run_mutants_mixed_src_and_test_delta_without_outcomes_stays_outcomes_missing
        PASS [   0.832s] (16/27) viola-e2e harness::run::mutants::tests::run_mutants_leg_no_rust_delta_writes_its_verdict
        PASS [   0.832s] (17/27) viola-e2e harness::run::mutants::tests::run_mutants_without_a_leg_keeps_survivors_red
        PASS [   0.834s] (18/27) viola-e2e harness::run::mutants::tests::run_mutants_leg_defers_survivors_to_the_gate_union
        PASS [   0.835s] (19/27) viola-e2e harness::run::mutants::tests::run_mutants_leg_with_an_unviable_swamp_is_red_not_deferred
        PASS [   0.851s] (20/27) viola-e2e harness::run::mutants::tests::run_mutants_no_rust_delta_passes_by_name_and_never_reads_stale_outcomes
        PASS [   0.919s] (21/27) viola-e2e harness::run::mutants::tests::run_mutants_leg_without_outcomes_stays_red_and_writes_no_verdict
        PASS [   0.919s] (22/27) viola-e2e harness::run::mutants::tests::run_mutants_prints_every_outcome_and_bounds_each_build
        PASS [   0.924s] (23/27) viola-e2e harness::run::mutants::tests::run_mutants_test_only_delta_passes_by_name_without_running_cargo
        PASS [   1.050s] (24/27) viola-e2e harness::run::mutants::tests::run_mutants_with_an_unbuildable_root_package_is_build_failed
        PASS [   1.176s] (25/27) viola-e2e harness::run::mutants::tests::run_mutants_rust_delta_without_fresh_outcomes_is_outcomes_missing
        PASS [   4.416s] (26/27) viola-e2e harness::run::mutants::tests::run_mutants_passes_when_the_change_is_tested
        PASS [   4.416s] (27/27) viola-e2e harness::run::mutants::tests::run_mutants_reports_survivors_of_an_untested_change
────────────
     Summary [   4.422s] 27 tests run: 27 passed, 124 skipped
