   Compiling viola v0.1.0 (D:\dev\projects\viola)
warning: unused imports: `SECURITY_IDENTIFICATION` and `SECURITY_SQOS_PRESENT`
  --> tests\channel_sqos_open.rs:23:35
   |
23 |     PIPE_ACCESS_DUPLEX, ReadFile, SECURITY_IDENTIFICATION, SECURITY_SQOS_PRESENT, WriteFile,
   |                                   ^^^^^^^^^^^^^^^^^^^^^^^  ^^^^^^^^^^^^^^^^^^^^^
   |
   = note: `#[warn(unused_imports)]` (part of `#[warn(unused)]`) on by default

warning: `viola` (test "channel_sqos_open") generated 1 warning (run `cargo fix --test "channel_sqos_open" -p viola` to apply 1 suggestion)
    Finished `test` profile [unoptimized + debuginfo] target(s) in 0.57s
────────────
 Nextest run ID d3c49f52-48e1-4918-a902-1cdbd7412b8f with nextest profile: ci
    Starting 2 tests across 1 binary
        PASS [   0.008s] (1/2) viola::channel_sqos_open sqos_flags_absent_open_reads_impersonation
        FAIL [   0.011s] (2/2) viola::channel_sqos_open sqos_identification_open_adopted_reads_identification
  stdout ───

    running 1 test
    test sqos_identification_open_adopted_reads_identification ... FAILED

    failures:

    failures:
        sqos_identification_open_adopted_reads_identification

    test result: FAILED. 0 passed; 1 failed; 0 ignored; 0 measured; 1 filtered out; finished in 0.00s

  stderr ───

    thread 'sqos_identification_open_adopted_reads_identification' (42528) panicked at tests\channel_sqos_open.rs:151:5:
    assertion `left == right` failed: server must read SecurityIdentification
      left: 2
     right: 1
    note: run with `RUST_BACKTRACE=1` environment variable to display a backtrace

────────────
     Summary [   0.012s] 2 tests run: 1 passed, 1 failed, 0 skipped
        FAIL [   0.011s] (2/2) viola::channel_sqos_open sqos_identification_open_adopted_reads_identification
error: test run failed
rc=100
