   Compiling syn v2.0.119
   Compiling clap v4.6.7
   Compiling ahash v0.8.12
   Compiling jsonschema-value v0.57.0
   Compiling referencing v0.57.0
   Compiling windows-interface v0.59.3
   Compiling kinded_macros v0.5.1
   Compiling windows-implement v0.60.2
   Compiling thiserror-impl v1.0.69
   Compiling strum_macros v0.28.0
   Compiling kinded v0.5.1
   Compiling windows-core v0.62.2
   Compiling nutype_macros v0.8.0
   Compiling thiserror v1.0.69
   Compiling filedescriptor v0.8.3
   Compiling windows-future v0.3.2
   Compiling windows-numerics v0.3.1
   Compiling windows-collections v0.3.2
   Compiling portable-pty v0.8.1
   Compiling viola-pty v0.1.0 (D:\dev\projects\viola\crates\viola-pty)
   Compiling strum v0.28.0
   Compiling windows v0.62.2
   Compiling jsonschema v0.57.0
   Compiling nutype v0.8.0
   Compiling viola-core v0.1.0 (D:\dev\projects\viola\crates\viola-core)
   Compiling viola v0.1.0 (D:\dev\projects\viola)
   Compiling sysinfo v0.39.6
   Compiling viola-e2e v0.1.0 (D:\dev\projects\viola\crates\viola-e2e)
    Finished `dev` profile [unoptimized + debuginfo] target(s) in 17.91s
