   Compiling viola-e2e v0.1.0 (D:\dev\projects\viola\crates\viola-e2e)
warning: unused variable: `bases`
   --> crates\viola-e2e\src\harness\pre_push.rs:251:9
    |
251 |     let bases = [LINUX_LEG, HOST_LEG].map(|l| doc.legs[l]["base"].as_str().map(str::to_owned));
    |         ^^^^^ help: if this is intentional, prefix it with an underscore: `_bases`
    |
    = note: `#[warn(unused_variables)]` (part of `#[warn(unused)]`) on by default

warning: `viola-e2e` (lib test) generated 1 warning (run `cargo fix --lib -p viola-e2e --tests` to apply 1 suggestion)
    Finished `test` profile [unoptimized + debuginfo] target(s) in 1.36s
     Running unittests src\lib.rs (target\check-pp\debug\deps\viola_e2e-1ac3a2946879be09.exe)

running 1 test
test harness::pre_push::tests::pre_push_base_mismatch_is_red ... FAILED

failures:

---- harness::pre_push::tests::pre_push_base_mismatch_is_red stdout ----

thread 'harness::pre_push::tests::pre_push_base_mismatch_is_red' (52268) panicked at crates\viola-e2e\src\harness\pre_push.rs:934:9:
assertion `left == right` failed: {"v":1,"cmd":"pre-push","ok":true,"stage":"union","sync":{"head":"h1","tree":"t1","files":0,"ms":0},"cache":{"bytes":10,"cap":42949672960,"cleaned":false,"bytes_after":10},"linux":{"run":{"ok":true,"suites":[{"suite":"coverage","passed":3,"failed":0,"skipped":0,"failures":[]}]},"gate":{"ok":true,"breaches":[]}},"legs":{"ubuntu-latest":{"ok":true,"base":"0000000000000000000000000000000000000000","verdict":"counted","tested":1},"windows-2025":{"ok":true,"base":"edf97a6ee5b16f846af7a07a5a42fef3ecb1357e","verdict":"counted","tested":1}},"gate":{"v":1,"cmd":"gate","ok":true,"breaches":[]}}
  left: 0
 right: 1
note: run with `RUST_BACKTRACE=1` environment variable to display a backtrace


failures:
    harness::pre_push::tests::pre_push_base_mismatch_is_red

test result: FAILED. 0 passed; 1 failed; 0 ignored; 0 measured; 178 filtered out; finished in 0.33s

error: test failed, to rerun pass `-p viola-e2e --lib`
